Archive member included to satisfy reference by file (symbol)

app/libapp.a(main.c.obj)      (--whole-archive)
zephyr/libzephyr.a(cbprintf.c.obj)
                              (--whole-archive)
zephyr/libzephyr.a(cbprintf_packaged.c.obj)
                              (--whole-archive)
zephyr/libzephyr.a(crc32c_sw.c.obj)
                              (--whole-archive)
zephyr/libzephyr.a(crc32_sw.c.obj)
                              (--whole-archive)
zephyr/libzephyr.a(crc16_sw.c.obj)
                              (--whole-archive)
zephyr/libzephyr.a(crc8_sw.c.obj)
                              (--whole-archive)
zephyr/libzephyr.a(crc7_sw.c.obj)
                              (--whole-archive)
zephyr/libzephyr.a(dec.c.obj)
                              (--whole-archive)
zephyr/libzephyr.a(fdtable.c.obj)
                              (--whole-archive)
zephyr/libzephyr.a(hex.c.obj)
                              (--whole-archive)
zephyr/libzephyr.a(notify.c.obj)
                              (--whole-archive)
zephyr/libzephyr.a(printk.c.obj)
                              (--whole-archive)
zephyr/libzephyr.a(onoff.c.obj)
                              (--whole-archive)
zephyr/libzephyr.a(rb.c.obj)  (--whole-archive)
zephyr/libzephyr.a(sem.c.obj)
                              (--whole-archive)
zephyr/libzephyr.a(thread_entry.c.obj)
                              (--whole-archive)
zephyr/libzephyr.a(timeutil.c.obj)
                              (--whole-archive)
zephyr/libzephyr.a(heap.c.obj)
                              (--whole-archive)
zephyr/libzephyr.a(heap-validate.c.obj)
                              (--whole-archive)
zephyr/libzephyr.a(bitarray.c.obj)
                              (--whole-archive)
zephyr/libzephyr.a(cbprintf_complete.c.obj)
                              (--whole-archive)
zephyr/libzephyr.a(mpsc_pbuf.c.obj)
                              (--whole-archive)
zephyr/libzephyr.a(configs.c.obj)
                              (--whole-archive)
zephyr/libzephyr.a(validate_base_addresses.c.obj)
                              (--whole-archive)
zephyr/libzephyr.a(validate_enabled_instances.c.obj)
                              (--whole-archive)
zephyr/libzephyr.a(log_list.c.obj)
                              (--whole-archive)
zephyr/libzephyr.a(log_core.c.obj)
                              (--whole-archive)
zephyr/libzephyr.a(log_msg.c.obj)
                              (--whole-archive)
zephyr/libzephyr.a(log_output.c.obj)
                              (--whole-archive)
zephyr/libzephyr.a(log_backend_rtt.c.obj)
                              (--whole-archive)
zephyr/libzephyr.a(addr_utils.c.obj)
                              (--whole-archive)
zephyr/libzephyr.a(power.c.obj)
                              (--whole-archive)
zephyr/libzephyr.a(pm_ctrl.c.obj)
                              (--whole-archive)
zephyr/libzephyr.a(policy_residency.c.obj)
                              (--whole-archive)
zephyr/libzephyr.a(tracing_none.c.obj)
                              (--whole-archive)
zephyr/libzephyr.a(rtt_console.c.obj)
                              (--whole-archive)
zephyr/libzephyr.a(clock_control_nrf.c.obj)
                              (--whole-archive)
zephyr/libzephyr.a(sys_clock_init.c.obj)
                              (--whole-archive)
zephyr/libzephyr.a(nrf_rtc_timer.c.obj)
                              (--whole-archive)
zephyr/libzephyr.a(utils.c.obj)
                              (--whole-archive)
zephyr/libzephyr.a(aes_decrypt.c.obj)
                              (--whole-archive)
zephyr/libzephyr.a(aes_encrypt.c.obj)
                              (--whole-archive)
zephyr/libzephyr.a(cmac_mode.c.obj)
                              (--whole-archive)
zephyr/arch/common/libarch__common.a(sw_isr_common.c.obj)
                              (--whole-archive)
zephyr/arch/arch/arm/core/aarch32/libarch__arm__core__aarch32.a(swap.c.obj)
                              (--whole-archive)
zephyr/arch/arch/arm/core/aarch32/libarch__arm__core__aarch32.a(swap_helper.S.obj)
                              (--whole-archive)
zephyr/arch/arch/arm/core/aarch32/libarch__arm__core__aarch32.a(irq_manage.c.obj)
                              (--whole-archive)
zephyr/arch/arch/arm/core/aarch32/libarch__arm__core__aarch32.a(thread.c.obj)
                              (--whole-archive)
zephyr/arch/arch/arm/core/aarch32/libarch__arm__core__aarch32.a(cpu_idle.S.obj)
                              (--whole-archive)
zephyr/arch/arch/arm/core/aarch32/libarch__arm__core__aarch32.a(fatal.c.obj)
                              (--whole-archive)
zephyr/arch/arch/arm/core/aarch32/libarch__arm__core__aarch32.a(nmi.c.obj)
                              (--whole-archive)
zephyr/arch/arch/arm/core/aarch32/libarch__arm__core__aarch32.a(nmi_on_reset.S.obj)
                              (--whole-archive)
zephyr/arch/arch/arm/core/aarch32/libarch__arm__core__aarch32.a(prep_c.c.obj)
                              (--whole-archive)
[...]
Memory Configuration

Name             Origin             Length             Attributes
FLASH            0x0000000000000000 0x0000000000100000 xr
SRAM             0x0000000020000000 0x0000000000040000 xw
IDT_LIST         0x0000000020040000 0x0000000000000800 xw
*default*        0x0000000000000000 0xffffffffffffffff

Linker script and memory map

LOAD zephyr/CMakeFiles/zephyr_prebuilt.dir/misc/empty_file.c.obj
                0x0000000000000020                _region_min_align = 0x20

.rel.plt        0x0000000000000000        0x0
 *(SORT_BY_ALIGNMENT(.rel.plt))
                [!provide]                        PROVIDE (__rel_iplt_start = .)
 *(SORT_BY_ALIGNMENT(.rel.iplt))
 .rel.iplt      0x0000000000000000        0x0 app/libapp.a(main.c.obj)
                [!provide]                        PROVIDE (__rel_iplt_end = .)

.rela.plt       0x0000000000000000        0x0
 *(SORT_BY_ALIGNMENT(.rela.plt))
                [!provide]                        PROVIDE (__rela_iplt_start = .)
 *(SORT_BY_ALIGNMENT(.rela.iplt))
                [!provide]                        PROVIDE (__rela_iplt_end = .)

.rel.dyn
 *(SORT_BY_ALIGNMENT(.rel.*))

.rela.dyn
 *(SORT_BY_ALIGNMENT(.rela.*))

/DISCARD/
 *(SORT_BY_ALIGNMENT(.plt))
 *(SORT_BY_ALIGNMENT(.iplt))
 *(SORT_BY_ALIGNMENT(.got.plt))
 *(SORT_BY_ALIGNMENT(.igot.plt))
 *(SORT_BY_ALIGNMENT(.got))
 *(SORT_BY_ALIGNMENT(.igot))
 *(SORT_BY_ALIGNMENT(.note.GNU-stack))
                0x0000000000000000                _image_rom_start = 0x0

rom_start       0x0000000000000000      0x100
                0x0000000000000000                . = 0x0
                0x0000000000000000                . = ALIGN (0x4)
                0x0000000000000000                . = ALIGN (0x80)
                0x0000000000000000                . = ALIGN (0x100)
                0x0000000000000000                _vector_start = .
 *(SORT_BY_ALIGNMENT(.exc_vector_table))
 *(SORT_BY_ALIGNMENT(.exc_vector_table.*))
 .exc_vector_table._vector_table_section
                0x0000000000000000       0x40 zephyr/arch/arch/arm/core/aarch32/cortex_m/libarch__arm__core__aarch32__cortex_m.a(vector_table.S.obj)
                0x0000000000000000                _vector_table
 *(SORT_BY_ALIGNMENT(.gnu.linkonce.irq_vector_table*))
 .gnu.linkonce.irq_vector_table
                0x0000000000000040       0xc0 zephyr/arch/common/libisr_tables.a(isr_tables.c.obj)
                0x0000000000000040                _irq_vector_table
 *(SORT_BY_ALIGNMENT(.vectors))
                0x0000000000000100                _vector_end = .

text            0x0000000000000100    0x1fc68
                0x0000000000000100                _image_text_start = .
 *(SORT_BY_ALIGNMENT(.text))
 .text          0x0000000000000100       0x30 /usr/local/Caskroom/gcc-arm-embedded/10-2020-q4-major/gcc-arm-none-eabi-10-2020-q4-major/bin/../lib/gcc/arm-none-eabi/10.2.1/thumb/v7e-m/nofp/libgcc.a(_aeabi_uldivmod.o)
                0x0000000000000100                __aeabi_uldivmod
 .text          0x0000000000000130      0x2d0 /usr/local/Caskroom/gcc-arm-embedded/10-2020-q4-major/gcc-arm-none-eabi-10-2020-q4-major/bin/../lib/gcc/arm-none-eabi/10.2.1/thumb/v7e-m/nofp/libgcc.a(_udivmoddi4.o)
                0x0000000000000130                __udivmoddi4
 .text          0x0000000000000400        0x4 /usr/local/Caskroom/gcc-arm-embedded/10-2020-q4-major/gcc-arm-none-eabi-10-2020-q4-major/bin/../lib/gcc/arm-none-eabi/10.2.1/thumb/v7e-m/nofp/libgcc.a(_dvmd_tls.o)
                0x0000000000000400                __aeabi_ldiv0
                0x0000000000000400                __aeabi_idiv0
 *(SORT_BY_ALIGNMENT(.text.*))
 *fill*         0x0000000000000404        0x4 
 .text.ull_drift_ticks_get
                0x0000000000000408       0x8c zephyr/subsys/bluetooth/controller/libsubsys__bluetooth__controller.a(ull.c.obj)
                0x0000000000000408                ull_drift_ticks_get
 *fill*         0x0000000000000494        0x4 
 .text.ll_adv_enable
                0x0000000000000498      0x4d0 zephyr/subsys/bluetooth/controller/libsubsys__bluetooth__controller.a(ull_adv.c.obj)
                0x0000000000000498                ll_adv_enable
 .text.ll_scan_params_set
                0x0000000000000968       0x70 zephyr/subsys/bluetooth/controller/libsubsys__bluetooth__controller.a(ull_scan.c.obj)
                0x0000000000000968                ll_scan_params_set
 .text.ull_scan_params_set
                0x00000000000009d8       0x54 zephyr/subsys/bluetooth/controller/libsubsys__bluetooth__controller.a(ull_scan.c.obj)
                0x00000000000009d8                ull_scan_params_set
 *fill*         0x0000000000000a2c        0x4 
 .text.ull_scan_enable
                0x0000000000000a30      0x178 zephyr/subsys/bluetooth/controller/libsubsys__bluetooth__controller.a(ull_scan.c.obj)
                0x0000000000000a30                ull_scan_enable
 .text.event_conn_upd_prep
                0x0000000000000ba8      0x74c zephyr/subsys/bluetooth/controller/libsubsys__bluetooth__controller.a(ull_conn.c.obj)
 *fill*         0x00000000000012f4        0x4 
 .text.ull_slave_setup
                0x00000000000012f8      0x448 zephyr/subsys/bluetooth/controller/libsubsys__bluetooth__controller.a(ull_slave.c.obj)
                0x00000000000012f8                ull_slave_setup
 .text.ll_create_connection
                0x0000000000001740      0x44c zephyr/subsys/bluetooth/controller/libsubsys__bluetooth__controller.a(ull_master.c.obj)
                0x0000000000001740                ll_create_connection
 *fill*         0x0000000000001b8c        0x4 
 .text.ull_master_setup
                0x0000000000001b90      0x264 zephyr/subsys/bluetooth/controller/libsubsys__bluetooth__controller.a(ull_master.c.obj)
                0x0000000000001b90                ull_master_setup
 *fill*         0x0000000000001df4        0x4 
 .text.ull_sched_after_mstr_slot_get
                0x0000000000001df8      0x12c zephyr/subsys/bluetooth/controller/libsubsys__bluetooth__controller.a(ull_sched.c.obj)
                0x0000000000001df8                ull_sched_after_mstr_slot_get
 *fill*         0x0000000000001f24        0x4 
 .text.after_mstr_offset_get
                0x0000000000001f28       0x94 zephyr/subsys/bluetooth/controller/libsubsys__bluetooth__controller.a(ull_sched.c.obj)
 *fill*         0x0000000000001fbc        0x4 
 .text.ull_sched_mfy_win_offset_select
                0x0000000000001fc0      0x124 zephyr/subsys/bluetooth/controller/libsubsys__bluetooth__controller.a(ull_sched.c.obj)
                0x0000000000001fc0                ull_sched_mfy_win_offset_select
 *fill*         0x00000000000020e4        0x4 
 .text.isr_window
                0x00000000000020e8       0x9c zephyr/subsys/bluetooth/controller/libsubsys__bluetooth__controller.a(lll_scan.c.obj)
 *fill*         0x0000000000002184        0x4 
 .text.isr_rx   0x0000000000002188      0x568 zephyr/subsys/bluetooth/controller/libsubsys__bluetooth__controller.a(lll_scan.c.obj)
 .text.buttonA_pressed
                0x00000000000026f0        0xc app/libapp.a(main.c.obj)
 .text.bt_addr_le_to_str.constprop.0.isra.0
                0x00000000000026fc       0x78 app/libapp.a(main.c.obj)
 .text.connected
                0x0000000000002774       0x6c app/libapp.a(main.c.obj)
 .text.scan_cb  0x00000000000027e0       0x28 app/libapp.a(main.c.obj)
 .text.initLED  0x0000000000002808       0x30 app/libapp.a(main.c.obj)
                0x0000000000002808                initLED
 .text.ledon    0x0000000000002838       0x18 app/libapp.a(main.c.obj)
                0x0000000000002838                ledon
 .text.ledoff   0x0000000000002850       0x18 app/libapp.a(main.c.obj)
                0x0000000000002850                ledoff
 .text.initButton
                0x0000000000002868       0x58 app/libapp.a(main.c.obj)
                0x0000000000002868                initButton
 .text.main     0x00000000000028c0       0xf4 app/libapp.a(main.c.obj)
                0x00000000000028c0                main
 .text.__printk_hook_install
                0x00000000000029b4        0xc zephyr/libzephyr.a(printk.c.obj)
                0x00000000000029b4                __printk_hook_install
 .text.vsnprintk
                0x00000000000029c0       0x28 zephyr/libzephyr.a(printk.c.obj)
                0x00000000000029c0                vsnprintk
 .text.process_event
                0x00000000000029e8      0x1c0 zephyr/libzephyr.a(onoff.c.obj)
 .text.cbvprintf
                0x0000000000002ba8      0x784 zephyr/libzephyr.a(cbprintf_complete.c.obj)
                0x0000000000002ba8                cbvprintf
 .text.enable_logger
                0x000000000000332c       0x5c zephyr/libzephyr.a(log_core.c.obj)
 .text.log_process_thread_timer_expiry_fn
                0x0000000000003388        0xc zephyr/libzephyr.a(log_core.c.obj)
 .text.log_core_init
                0x0000000000003394       0x48 zephyr/libzephyr.a(log_core.c.obj)
                0x0000000000003394                log_core_init
 .text.get_msg  0x00000000000033dc       0x28 zephyr/libzephyr.a(log_core.c.obj)
                0x00000000000033dc                get_msg
 .text.z_log_dropped
                0x0000000000003404       0x20 zephyr/libzephyr.a(log_core.c.obj)
                0x0000000000003404                z_log_dropped
 .text.z_log_dropped_read_and_clear
                0x0000000000003424       0x20 zephyr/libzephyr.a(log_core.c.obj)
                0x0000000000003424                z_log_dropped_read_and_clear
 .text.dropped_notify
                0x0000000000003444       0x38 zephyr/libzephyr.a(log_core.c.obj)
                0x0000000000003444                dropped_notify
 .text.log_source_name_get
                0x000000000000347c       0x1c zephyr/libzephyr.a(log_core.c.obj)
                0x000000000000347c                log_source_name_get
 .text.log_backend_enable
                0x0000000000003498       0x34 zephyr/libzephyr.a(log_core.c.obj)
                0x0000000000003498                log_backend_enable
 .text.log_init
                0x00000000000034cc       0x58 zephyr/libzephyr.a(log_core.c.obj)
                0x00000000000034cc                log_init
 .text.z_log_strdup
                0x0000000000003524       0x6c zephyr/libzephyr.a(log_core.c.obj)
                0x0000000000003524                z_log_strdup
 .text.log_is_strdup
                0x0000000000003590       0x20 zephyr/libzephyr.a(log_core.c.obj)
                0x0000000000003590                log_is_strdup
 .text.z_impl_log_process
                0x00000000000035b0      0x15c zephyr/libzephyr.a(log_core.c.obj)
                0x00000000000035b0                z_impl_log_process
 .text.log_process_thread_func
                0x000000000000370c       0x48 zephyr/libzephyr.a(log_core.c.obj)
 .text.msg_finalize
                0x0000000000003754       0xc4 zephyr/libzephyr.a(log_core.c.obj)
 .text.z_impl_log_panic
                0x0000000000003818       0x48 zephyr/libzephyr.a(log_core.c.obj)
                0x0000000000003818                z_impl_log_panic
 .text.log_free
                0x0000000000003860       0x34 zephyr/libzephyr.a(log_core.c.obj)
                0x0000000000003860                log_free
 .text.log_msg_pool_init
                0x0000000000003894       0x14 zephyr/libzephyr.a(log_msg.c.obj)
                0x0000000000003894                log_msg_pool_init
 .text.log_msg_no_space_handle
                0x00000000000038a8       0x30 zephyr/libzephyr.a(log_msg.c.obj)
                0x00000000000038a8                log_msg_no_space_handle
 .text.log_msg_chunk_alloc
                0x00000000000038d8       0x28 zephyr/libzephyr.a(log_msg.c.obj)
                0x00000000000038d8                log_msg_chunk_alloc
 .text.msg_free
                0x0000000000003900       0x7c zephyr/libzephyr.a(log_msg.c.obj)
 .text.print_formatted
                0x000000000000397c       0x24 zephyr/libzephyr.a(log_output.c.obj)
 .text.hexdump_line_print
                0x00000000000039a0       0xdc zephyr/libzephyr.a(log_output.c.obj)
 .text.prefix_print
                0x0000000000003a7c      0x124 zephyr/libzephyr.a(log_output.c.obj)
 .text.postfix_print
                0x0000000000003ba0       0x3c zephyr/libzephyr.a(log_output.c.obj)
 .text.log_output_msg_process
                0x0000000000003bdc       0xf8 zephyr/libzephyr.a(log_output.c.obj)
                0x0000000000003bdc                log_output_msg_process
 .text.log_output_dropped_process
                0x0000000000003cd4       0x58 zephyr/libzephyr.a(log_output.c.obj)
                0x0000000000003cd4                log_output_dropped_process
 .text.log_output_timestamp_freq_set
                0x0000000000003d2c       0x30 zephyr/libzephyr.a(log_output.c.obj)
                0x0000000000003d2c                log_output_timestamp_freq_set
 .text.log_backend_rtt_init
                0x0000000000003d5c        0xc zephyr/libzephyr.a(log_backend_rtt.c.obj)
 .text.panic    0x0000000000003d68       0x14 zephyr/libzephyr.a(log_backend_rtt.c.obj)
 .text.dropped  0x0000000000003d7c        0xc zephyr/libzephyr.a(log_backend_rtt.c.obj)
 .text.put      0x0000000000003d88       0x24 zephyr/libzephyr.a(log_backend_rtt.c.obj)
 .text.on_failed_write.part.0
                0x0000000000003dac       0x1c zephyr/libzephyr.a(log_backend_rtt.c.obj)
 .text.data_out_block_mode
                0x0000000000003dc8       0xa0 zephyr/libzephyr.a(log_backend_rtt.c.obj)
 .text.pm_state_notify
                0x0000000000003e68       0x44 zephyr/libzephyr.a(power.c.obj)
 .text.pm_system_resume
                0x0000000000003eac       0x2c zephyr/libzephyr.a(power.c.obj)
                0x0000000000003eac                pm_system_resume
 .text.pm_system_suspend
                0x0000000000003ed8       0x78 zephyr/libzephyr.a(power.c.obj)
                0x0000000000003ed8                pm_system_suspend
 .text.rtt_console_init
                0x0000000000003f50       0x18 zephyr/libzephyr.a(rtt_console.c.obj)
 .text.rtt_console_out
                0x0000000000003f68       0x6c zephyr/libzephyr.a(rtt_console.c.obj)
 .text.onoff_stop
                0x0000000000003fd4       0x30 zephyr/libzephyr.a(clock_control_nrf.c.obj)
 .text.onoff_start
                0x0000000000004004       0x44 zephyr/libzephyr.a(clock_control_nrf.c.obj)
 .text.clk_init
                0x0000000000004048       0x60 zephyr/libzephyr.a(clock_control_nrf.c.obj)
 .text.clkstarted_handle.constprop.0
                0x00000000000040a8       0x34 zephyr/libzephyr.a(clock_control_nrf.c.obj)
 .text.clock_event_handler
                0x00000000000040dc       0x1c zephyr/libzephyr.a(clock_control_nrf.c.obj)
 .text.generic_hfclk_start
                0x00000000000040f8       0x64 zephyr/libzephyr.a(clock_control_nrf.c.obj)
 .text.api_blocking_start
                0x000000000000415c       0x3c zephyr/libzephyr.a(clock_control_nrf.c.obj)
 .text.generic_hfclk_stop
                0x0000000000004198       0x2c zephyr/libzephyr.a(clock_control_nrf.c.obj)
 .text.z_nrf_clock_control_get_onoff
                0x00000000000041c4       0x10 zephyr/libzephyr.a(clock_control_nrf.c.obj)
                0x00000000000041c4                z_nrf_clock_control_get_onoff
 .text.z_nrf_clock_bt_ctlr_hf_request
                0x00000000000041d4       0x2c zephyr/libzephyr.a(clock_control_nrf.c.obj)
                0x00000000000041d4                z_nrf_clock_bt_ctlr_hf_request
 .text.z_nrf_clock_bt_ctlr_hf_release
                0x0000000000004200       0x2c zephyr/libzephyr.a(clock_control_nrf.c.obj)
                0x0000000000004200                z_nrf_clock_bt_ctlr_hf_release
 .text.z_nrf_clock_control_lf_on
                0x000000000000422c      0x100 zephyr/libzephyr.a(clock_control_nrf.c.obj)
                0x000000000000422c                z_nrf_clock_control_lf_on
 .text.sys_clock_timeout_handler
                0x000000000000432c       0x18 zephyr/libzephyr.a(nrf_rtc_timer.c.obj)
 .text.set_absolute_alarm
                0x0000000000004344       0x94 zephyr/libzephyr.a(nrf_rtc_timer.c.obj)
 .text.rtc_nrf_isr
                0x00000000000043d8       0x50 zephyr/libzephyr.a(nrf_rtc_timer.c.obj)
                0x00000000000043d8                rtc_nrf_isr
 .text.sys_clock_driver_init
                0x0000000000004428       0x4c zephyr/libzephyr.a(nrf_rtc_timer.c.obj)
                0x0000000000004428                sys_clock_driver_init
 .text.sys_clock_set_timeout
                0x0000000000004474       0x64 zephyr/libzephyr.a(nrf_rtc_timer.c.obj)
                0x0000000000004474                sys_clock_set_timeout
 .text.sys_clock_elapsed
                0x00000000000044d8       0x1c zephyr/libzephyr.a(nrf_rtc_timer.c.obj)
                0x00000000000044d8                sys_clock_elapsed
 .text.sys_clock_cycle_get_32
                0x00000000000044f4       0x34 zephyr/libzephyr.a(nrf_rtc_timer.c.obj)
                0x00000000000044f4                sys_clock_cycle_get_32
 .text.sub_bytes
                0x0000000000004528       0x18 zephyr/libzephyr.a(aes_encrypt.c.obj)
 .text.tc_aes128_set_encrypt_key
                0x0000000000004540       0xa4 zephyr/libzephyr.a(aes_encrypt.c.obj)
                0x0000000000004540                tc_aes128_set_encrypt_key
 .text.arch_swap
                0x00000000000045e4       0x34 zephyr/arch/arch/arm/core/aarch32/libarch__arm__core__aarch32.a(swap.c.obj)
                0x00000000000045e4                arch_swap
 .text.z_arm_pendsv
                0x0000000000004618       0x48 zephyr/arch/arch/arm/core/aarch32/libarch__arm__core__aarch32.a(swap_helper.S.obj)
                0x0000000000004618                z_arm_pendsv
 .text.z_arm_svc
                0x0000000000004660       0x20 zephyr/arch/arch/arm/core/aarch32/libarch__arm__core__aarch32.a(swap_helper.S.obj)
                0x0000000000004660                z_arm_svc
 .text.arch_irq_enable
                0x0000000000004680       0x20 zephyr/arch/arch/arm/core/aarch32/libarch__arm__core__aarch32.a(irq_manage.c.obj)
                0x0000000000004680                arch_irq_enable
 .text.arch_irq_disable
                0x00000000000046a0       0x28 zephyr/arch/arch/arm/core/aarch32/libarch__arm__core__aarch32.a(irq_manage.c.obj)
                0x00000000000046a0                arch_irq_disable
 .text.arch_irq_is_enabled
                0x00000000000046c8       0x1c zephyr/arch/arch/arm/core/aarch32/libarch__arm__core__aarch32.a(irq_manage.c.obj)
                0x00000000000046c8                arch_irq_is_enabled
 .text.z_arm_irq_priority_set
                0x00000000000046e4       0x30 zephyr/arch/arch/arm/core/aarch32/libarch__arm__core__aarch32.a(irq_manage.c.obj)
                0x00000000000046e4                z_arm_irq_priority_set
 .text._arch_isr_direct_pm
                0x0000000000004714       0x1c zephyr/arch/arch/arm/core/aarch32/libarch__arm__core__aarch32.a(irq_manage.c.obj)
                0x0000000000004714                _arch_isr_direct_pm
 .text.arch_new_thread
                0x0000000000004730       0x38 zephyr/arch/arch/arm/core/aarch32/libarch__arm__core__aarch32.a(thread.c.obj)
                0x0000000000004730                arch_new_thread
 .text.arch_switch_to_main_thread
                0x0000000000004768       0x24 zephyr/arch/arch/arm/core/aarch32/libarch__arm__core__aarch32.a(thread.c.obj)
                0x0000000000004768                arch_switch_to_main_thread
 .text.z_arm_cpu_idle_init
                0x000000000000478c        0xc zephyr/arch/arch/arm/core/aarch32/libarch__arm__core__aarch32.a(cpu_idle.S.obj)
                0x000000000000478c                z_arm_cpu_idle_init
 .text.arch_cpu_idle
                0x0000000000004798       0x1c zephyr/arch/arch/arm/core/aarch32/libarch__arm__core__aarch32.a(cpu_idle.S.obj)
                0x0000000000004798                arch_cpu_idle
 .text.arch_cpu_atomic_idle
                0x00000000000047b4       0x14 zephyr/arch/arch/arm/core/aarch32/libarch__arm__core__aarch32.a(cpu_idle.S.obj)
                0x00000000000047b4                arch_cpu_atomic_idle
 .text.z_arm_fatal_error
                0x00000000000047c8       0x70 zephyr/arch/arch/arm/core/aarch32/libarch__arm__core__aarch32.a(fatal.c.obj)
                0x00000000000047c8                z_arm_fatal_error
 .text.z_SysNmiOnReset
                0x0000000000004838        0x8 zephyr/arch/arch/arm/core/aarch32/libarch__arm__core__aarch32.a(nmi_on_reset.S.obj)
                0x0000000000004838                z_SysNmiOnReset
 .text.z_arm_prep_c
                0x0000000000004840       0x44 zephyr/arch/arch/arm/core/aarch32/libarch__arm__core__aarch32.a(prep_c.c.obj)
                0x0000000000004840                z_arm_prep_c
 .text._isr_wrapper
                0x0000000000004884       0x40 zephyr/arch/arch/arm/core/aarch32/libarch__arm__core__aarch32.a(isr_wrapper.S.obj)
                0x0000000000004884                _isr_wrapper
 .text._reset_section
                0x00000000000048c4       0x30 zephyr/arch/arch/arm/core/aarch32/cortex_m/libarch__arm__core__aarch32__cortex_m.a(reset.S.obj)
                0x00000000000048c4                z_arm_reset
                0x00000000000048c4                __start
 .text.__fault  0x00000000000048f4       0x14 zephyr/arch/arch/arm/core/aarch32/cortex_m/libarch__arm__core__aarch32__cortex_m.a(fault_s.S.obj)
                0x00000000000048f4                z_arm_bus_fault
                0x00000000000048f4                z_arm_usage_fault
                0x00000000000048f4                z_arm_mpu_fault
                0x00000000000048f4                z_arm_exc_spurious
                0x00000000000048f4                z_arm_debug_monitor
                0x00000000000048f4                z_arm_hard_fault
 .text.usage_fault.constprop.0
                0x0000000000004908       0xb8 zephyr/arch/arch/arm/core/aarch32/cortex_m/libarch__arm__core__aarch32__cortex_m.a(fault.c.obj)
 .text.bus_fault.constprop.0
                0x00000000000049c0       0xdc zephyr/arch/arch/arm/core/aarch32/cortex_m/libarch__arm__core__aarch32__cortex_m.a(fault.c.obj)
 .text.mem_manage_fault.constprop.0
                0x0000000000004a9c       0xd0 zephyr/arch/arch/arm/core/aarch32/cortex_m/libarch__arm__core__aarch32__cortex_m.a(fault.c.obj)
 .text.z_arm_fault
                0x0000000000004b6c      0x194 zephyr/arch/arch/arm/core/aarch32/cortex_m/libarch__arm__core__aarch32__cortex_m.a(fault.c.obj)
                0x0000000000004b6c                z_arm_fault
 .text.z_arm_fault_init
                0x0000000000004d00       0x10 zephyr/arch/arch/arm/core/aarch32/cortex_m/libarch__arm__core__aarch32__cortex_m.a(fault.c.obj)
                0x0000000000004d00                z_arm_fault_init
 .text._HandlerModeExit
                0x0000000000004d10       0x1c zephyr/arch/arch/arm/core/aarch32/cortex_m/libarch__arm__core__aarch32__cortex_m.a(exc_exit.S.obj)
                0x0000000000004d10                z_arm_exc_exit
                0x0000000000004d10                z_arm_int_exit
 .text.z_arm_interrupt_init
                0x0000000000004d2c       0x18 zephyr/arch/arch/arm/core/aarch32/cortex_m/libarch__arm__core__aarch32__cortex_m.a(irq_init.c.obj)
                0x0000000000004d2c                z_arm_interrupt_init
 .text.z_impl_k_thread_abort
                0x0000000000004d44       0x24 zephyr/arch/arch/arm/core/aarch32/cortex_m/libarch__arm__core__aarch32__cortex_m.a(thread_abort.c.obj)
                0x0000000000004d44                z_impl_k_thread_abort
 .text.z_arm_configure_static_mpu_regions
                0x0000000000004d68       0x18 zephyr/arch/arch/arm/core/aarch32/mpu/libarch__arm__core__aarch32__mpu.a(arm_core_mpu.c.obj)
                0x0000000000004d68                z_arm_configure_static_mpu_regions
 .text.mpu_configure_regions
                0x0000000000004d80       0xc0 zephyr/arch/arch/arm/core/aarch32/mpu/libarch__arm__core__aarch32__mpu.a(arm_mpu.c.obj)
 .text.arm_core_mpu_enable
                0x0000000000004e40       0x18 zephyr/arch/arch/arm/core/aarch32/mpu/libarch__arm__core__aarch32__mpu.a(arm_mpu.c.obj)
                0x0000000000004e40                arm_core_mpu_enable
 .text.arm_core_mpu_disable
                0x0000000000004e58       0x14 zephyr/arch/arch/arm/core/aarch32/mpu/libarch__arm__core__aarch32__mpu.a(arm_mpu.c.obj)
                0x0000000000004e58                arm_core_mpu_disable
 .text.arm_core_mpu_configure_static_mpu_regions
                0x0000000000004e6c       0x14 zephyr/arch/arch/arm/core/aarch32/mpu/libarch__arm__core__aarch32__mpu.a(arm_mpu.c.obj)
                0x0000000000004e6c                arm_core_mpu_configure_static_mpu_regions
 .text.z_arm_mpu_init
                0x0000000000004e80       0x60 zephyr/arch/arch/arm/core/aarch32/mpu/libarch__arm__core__aarch32__mpu.a(arm_mpu.c.obj)
                0x0000000000004e80                z_arm_mpu_init
 .text.__stdout_hook_install
                0x0000000000004ee0        0xc zephyr/lib/libc/minimal/liblib__libc__minimal.a(stdout_console.c.obj)
                0x0000000000004ee0                __stdout_hook_install
 .text.nordicsemi_nrf52_init
                0x0000000000004eec       0x30 zephyr/soc/arm/nordic_nrf/nrf52/libsoc__arm__nordic_nrf__nrf52.a(soc.c.obj)
 .text.arch_busy_wait
                0x0000000000004f1c       0x14 zephyr/soc/arm/nordic_nrf/nrf52/libsoc__arm__nordic_nrf__nrf52.a(soc.c.obj)
                0x0000000000004f1c                arch_busy_wait
 .text.bt_hex_real
                0x0000000000004f30       0x44 zephyr/subsys/bluetooth/common/libsubsys__bluetooth__common.a(log.c.obj)
                0x0000000000004f30                bt_hex_real
 .text.bt_addr_le_str_real
                0x0000000000004f74       0x7c zephyr/subsys/bluetooth/common/libsubsys__bluetooth__common.a(log.c.obj)
                0x0000000000004f74                bt_addr_le_str_real
 .text.uuid_to_uuid128
                0x0000000000004ff0       0x6c zephyr/subsys/bluetooth/host/libsubsys__bluetooth__host.a(uuid.c.obj)
 .text.bt_buf_get_rx
                0x000000000000505c       0x20 zephyr/subsys/bluetooth/host/libsubsys__bluetooth__host.a(buf.c.obj)
                0x000000000000505c                bt_buf_get_rx
 .text.bt_buf_get_cmd_complete
                0x000000000000507c       0x4c zephyr/subsys/bluetooth/host/libsubsys__bluetooth__host.a(buf.c.obj)
                0x000000000000507c                bt_buf_get_cmd_complete
 .text.bt_buf_get_evt
                0x00000000000050c8       0x54 zephyr/subsys/bluetooth/host/libsubsys__bluetooth__host.a(buf.c.obj)
                0x00000000000050c8                bt_buf_get_evt
 .text.ver_str  0x000000000000511c       0x38 zephyr/subsys/bluetooth/host/libsubsys__bluetooth__host.a(hci_core.c.obj)
 .text.hci_data_buf_overflow
                0x0000000000005154       0x24 zephyr/subsys/bluetooth/host/libsubsys__bluetooth__host.a(hci_core.c.obj)
 .text.hci_disconn_complete_prio
                0x0000000000005178       0x3c zephyr/subsys/bluetooth/host/libsubsys__bluetooth__host.a(hci_core.c.obj)
 .text.le_data_len_change
                0x00000000000051b4       0x3c zephyr/subsys/bluetooth/host/libsubsys__bluetooth__host.a(hci_core.c.obj)
 .text.hci_hardware_error
                0x00000000000051f0       0x30 zephyr/subsys/bluetooth/host/libsubsys__bluetooth__host.a(hci_core.c.obj)
 .text.hci_vendor_event
                0x0000000000005220       0x38 zephyr/subsys/bluetooth/host/libsubsys__bluetooth__host.a(hci_core.c.obj)
 .text.le_conn_update_complete
                0x0000000000005258       0xb4 zephyr/subsys/bluetooth/host/libsubsys__bluetooth__host.a(hci_core.c.obj)
 .text.find_pending_connect.part.0
                0x000000000000530c       0x40 zephyr/subsys/bluetooth/host/libsubsys__bluetooth__host.a(hci_core.c.obj)
 .text.handle_event
                0x000000000000534c       0x84 zephyr/subsys/bluetooth/host/libsubsys__bluetooth__host.a(hci_core.c.obj)
 .text.hci_le_meta_event
                0x00000000000053d0       0x20 zephyr/subsys/bluetooth/host/libsubsys__bluetooth__host.a(hci_core.c.obj)
 .text.hci_cmd_done
                0x00000000000053f0      0x114 zephyr/subsys/bluetooth/host/libsubsys__bluetooth__host.a(hci_core.c.obj)
 .text.hci_cmd_status
                0x0000000000005504       0x2c zephyr/subsys/bluetooth/host/libsubsys__bluetooth__host.a(hci_core.c.obj)
 .text.hci_cmd_complete
                0x0000000000005530       0x30 zephyr/subsys/bluetooth/host/libsubsys__bluetooth__host.a(hci_core.c.obj)
 .text.hci_num_completed_packets
                0x0000000000005560       0xfc zephyr/subsys/bluetooth/host/libsubsys__bluetooth__host.a(hci_core.c.obj)
 .text.hci_disconn_complete
                0x000000000000565c       0x78 zephyr/subsys/bluetooth/host/libsubsys__bluetooth__host.a(hci_core.c.obj)
 .text.bt_hci_cmd_state_set_init
                0x00000000000056d4       0x24 zephyr/subsys/bluetooth/host/libsubsys__bluetooth__host.a(hci_core.c.obj)
                0x00000000000056d4                bt_hci_cmd_state_set_init
 .text.bt_hci_cmd_create
                0x00000000000056f8       0x74 zephyr/subsys/bluetooth/host/libsubsys__bluetooth__host.a(hci_core.c.obj)
                0x00000000000056f8                bt_hci_cmd_create
 .text.bt_hci_cmd_send_sync
                0x000000000000576c       0xf4 zephyr/subsys/bluetooth/host/libsubsys__bluetooth__host.a(hci_core.c.obj)
                0x000000000000576c                bt_hci_cmd_send_sync
 .text.hci_le_read_max_data_len
                0x0000000000005860       0x54 zephyr/subsys/bluetooth/host/libsubsys__bluetooth__host.a(hci_core.c.obj)
 .text.bt_le_create_conn_legacy
                0x00000000000058b4       0xa0 zephyr/subsys/bluetooth/host/libsubsys__bluetooth__host.a(hci_core.c.obj)
                0x00000000000058b4                bt_le_create_conn_legacy
 .text.bt_le_create_conn_cancel
                0x0000000000005954       0x34 zephyr/subsys/bluetooth/host/libsubsys__bluetooth__host.a(hci_core.c.obj)
                0x0000000000005954                bt_le_create_conn_cancel
 .text.bt_send  0x0000000000005988       0x10 zephyr/subsys/bluetooth/host/libsubsys__bluetooth__host.a(hci_core.c.obj)
                0x0000000000005988                bt_send
 .text.bt_hci_cmd_send
                0x0000000000005998       0x64 zephyr/subsys/bluetooth/host/libsubsys__bluetooth__host.a(hci_core.c.obj)
                0x0000000000005998                bt_hci_cmd_send
 .text.conn_auto_initiate
                0x00000000000059fc      0x100 zephyr/subsys/bluetooth/host/libsubsys__bluetooth__host.a(hci_core.c.obj)
 .text.bt_hci_le_enh_conn_complete
                0x0000000000005afc      0x29c zephyr/subsys/bluetooth/host/libsubsys__bluetooth__host.a(hci_core.c.obj)
                0x0000000000005afc                bt_hci_le_enh_conn_complete
 .text.le_phy_update_complete
                0x0000000000005d98       0x64 zephyr/subsys/bluetooth/host/libsubsys__bluetooth__host.a(hci_core.c.obj)
 .text.le_remote_feat_complete
                0x0000000000005dfc       0x60 zephyr/subsys/bluetooth/host/libsubsys__bluetooth__host.a(hci_core.c.obj)
 .text.le_conn_param_neg_reply
                0x0000000000005e5c       0x54 zephyr/subsys/bluetooth/host/libsubsys__bluetooth__host.a(hci_core.c.obj)
 .text.le_conn_param_req
                0x0000000000005eb0       0xd0 zephyr/subsys/bluetooth/host/libsubsys__bluetooth__host.a(hci_core.c.obj)
 .text.hci_tx_thread
                0x0000000000005f80      0x188 zephyr/subsys/bluetooth/host/libsubsys__bluetooth__host.a(hci_core.c.obj)
 .text.hci_event_prio
                0x0000000000006108       0xa4 zephyr/subsys/bluetooth/host/libsubsys__bluetooth__host.a(hci_core.c.obj)
                0x0000000000006108                hci_event_prio
 .text.bt_recv  0x00000000000061ac      0x148 zephyr/subsys/bluetooth/host/libsubsys__bluetooth__host.a(hci_core.c.obj)
                0x00000000000061ac                bt_recv
 .text.bt_recv_prio
                0x00000000000062f4       0x3c zephyr/subsys/bluetooth/host/libsubsys__bluetooth__host.a(hci_core.c.obj)
                0x00000000000062f4                bt_recv_prio
 .text.bt_hci_driver_register
                0x0000000000006330       0x28 zephyr/subsys/bluetooth/host/libsubsys__bluetooth__host.a(hci_core.c.obj)
                0x0000000000006330                bt_hci_driver_register
 .text.bt_finalize_init
                0x0000000000006358       0xe0 zephyr/subsys/bluetooth/host/libsubsys__bluetooth__host.a(hci_core.c.obj)
                0x0000000000006358                bt_finalize_init
 .text.bt_init  0x0000000000006438      0x490 zephyr/subsys/bluetooth/host/libsubsys__bluetooth__host.a(hci_core.c.obj)
 .text.init_work
                0x00000000000068c8       0x18 zephyr/subsys/bluetooth/host/libsubsys__bluetooth__host.a(hci_core.c.obj)
 .text.bt_enable
                0x00000000000068e0       0xd4 zephyr/subsys/bluetooth/host/libsubsys__bluetooth__host.a(hci_core.c.obj)
                0x00000000000068e0                bt_enable
 .text.bt_get_name
                0x00000000000069b4        0x8 zephyr/subsys/bluetooth/host/libsubsys__bluetooth__host.a(hci_core.c.obj)
                0x00000000000069b4                bt_get_name
 .text.id_find  0x00000000000069bc       0x34 zephyr/subsys/bluetooth/host/libsubsys__bluetooth__host.a(id.c.obj)
 .text.set_random_address
                0x00000000000069f0       0x5c zephyr/subsys/bluetooth/host/libsubsys__bluetooth__host.a(id.c.obj)
 .text.id_create.constprop.0
                0x0000000000006a4c       0x5c zephyr/subsys/bluetooth/host/libsubsys__bluetooth__host.a(id.c.obj)
 .text.bt_id_adv_random_addr_check
                0x0000000000006aa8       0x1c zephyr/subsys/bluetooth/host/libsubsys__bluetooth__host.a(id.c.obj)
                0x0000000000006aa8                bt_id_adv_random_addr_check
 .text.bt_id_create
                0x0000000000006ac4       0xb0 zephyr/subsys/bluetooth/host/libsubsys__bluetooth__host.a(id.c.obj)
                0x0000000000006ac4                bt_id_create
 .text.bt_id_read_public_addr
                0x0000000000006b74       0x9c zephyr/subsys/bluetooth/host/libsubsys__bluetooth__host.a(id.c.obj)
                0x0000000000006b74                bt_id_read_public_addr
 .text.bt_setup_public_id_addr
                0x0000000000006c10       0x20 zephyr/subsys/bluetooth/host/libsubsys__bluetooth__host.a(id.c.obj)
                0x0000000000006c10                bt_setup_public_id_addr
 .text.bt_read_static_addr
                0x0000000000006c30       0xb4 zephyr/subsys/bluetooth/host/libsubsys__bluetooth__host.a(id.c.obj)
                0x0000000000006c30                bt_read_static_addr
 .text.bt_setup_random_id_addr
                0x0000000000006ce4       0x5c zephyr/subsys/bluetooth/host/libsubsys__bluetooth__host.a(id.c.obj)
                0x0000000000006ce4                bt_setup_random_id_addr
 .text.bt_id_set_create_conn_own_addr
                0x0000000000006d40       0x24 zephyr/subsys/bluetooth/host/libsubsys__bluetooth__host.a(id.c.obj)
                0x0000000000006d40                bt_id_set_create_conn_own_addr
 .text.bt_id_set_scan_own_addr
                0x0000000000006d64       0x54 zephyr/subsys/bluetooth/host/libsubsys__bluetooth__host.a(id.c.obj)
                0x0000000000006d64                bt_id_set_scan_own_addr
 .text.bt_id_set_adv_own_addr
                0x0000000000006db8       0xd4 zephyr/subsys/bluetooth/host/libsubsys__bluetooth__host.a(id.c.obj)
                0x0000000000006db8                bt_id_set_adv_own_addr
 .text.bt_id_init
                0x0000000000006e8c       0x68 zephyr/subsys/bluetooth/host/libsubsys__bluetooth__host.a(id.c.obj)
                0x0000000000006e8c                bt_id_init
 .text.valid_adv_param
                0x0000000000006ef4       0x88 zephyr/subsys/bluetooth/host/libsubsys__bluetooth__host.a(adv.c.obj)
 .text.hci_set_ad
                0x0000000000006f7c       0xe4 zephyr/subsys/bluetooth/host/libsubsys__bluetooth__host.a(adv.c.obj)
 .text.le_adv_start_add_conn
                0x0000000000007060       0x88 zephyr/subsys/bluetooth/host/libsubsys__bluetooth__host.a(adv.c.obj)
 .text.bt_le_adv_lookup_legacy
                0x00000000000070e8        0x8 zephyr/subsys/bluetooth/host/libsubsys__bluetooth__host.a(adv.c.obj)
                0x00000000000070e8                bt_le_adv_lookup_legacy
 .text.bt_le_adv_start_legacy
                0x00000000000070f0      0x264 zephyr/subsys/bluetooth/host/libsubsys__bluetooth__host.a(adv.c.obj)
                0x00000000000070f0                bt_le_adv_start_legacy
 .text.bt_le_adv_start
                0x0000000000007354       0x1c zephyr/subsys/bluetooth/host/libsubsys__bluetooth__host.a(adv.c.obj)
                0x0000000000007354                bt_le_adv_start
 .text.bt_le_adv_stop
                0x0000000000007370       0xb8 zephyr/subsys/bluetooth/host/libsubsys__bluetooth__host.a(adv.c.obj)
                0x0000000000007370                bt_le_adv_stop
 .text.bt_le_adv_resume
                0x0000000000007428       0x80 zephyr/subsys/bluetooth/host/libsubsys__bluetooth__host.a(adv.c.obj)
                0x0000000000007428                bt_le_adv_resume
 .text.atomic_get.constprop.0
                0x00000000000074a8       0x14 zephyr/subsys/bluetooth/host/libsubsys__bluetooth__host.a(scan.c.obj)
 .text.bt_le_scan_set_enable_legacy
                0x00000000000074bc       0x64 zephyr/subsys/bluetooth/host/libsubsys__bluetooth__host.a(scan.c.obj)
 .text.start_le_scan_legacy
                0x0000000000007520       0xa4 zephyr/subsys/bluetooth/host/libsubsys__bluetooth__host.a(scan.c.obj)
 .text.bt_scan_reset
                0x00000000000075c4        0xc zephyr/subsys/bluetooth/host/libsubsys__bluetooth__host.a(scan.c.obj)
                0x00000000000075c4                bt_scan_reset
 .text.bt_le_scan_update
                0x00000000000075d0       0x84 zephyr/subsys/bluetooth/host/libsubsys__bluetooth__host.a(scan.c.obj)
                0x00000000000075d0                bt_le_scan_update
 .text.bt_hci_le_adv_report
                0x0000000000007654      0x204 zephyr/subsys/bluetooth/host/libsubsys__bluetooth__host.a(scan.c.obj)
                0x0000000000007654                bt_hci_le_adv_report
 .text.bt_le_scan_start
                0x0000000000007858      0x100 zephyr/subsys/bluetooth/host/libsubsys__bluetooth__host.a(scan.c.obj)
                0x0000000000007858                bt_le_scan_start
 .text.tx_free  0x0000000000007958       0x14 zephyr/subsys/bluetooth/host/libsubsys__bluetooth__host.a(conn.c.obj)
 .text.notify_connected
                0x000000000000796c       0x2c zephyr/subsys/bluetooth/host/libsubsys__bluetooth__host.a(conn.c.obj)
 .text.send_frag
                0x0000000000007998      0x134 zephyr/subsys/bluetooth/host/libsubsys__bluetooth__host.a(conn.c.obj)
 .text.bt_conn_get_pkts
                0x0000000000007acc        0x8 zephyr/subsys/bluetooth/host/libsubsys__bluetooth__host.a(conn.c.obj)
                0x0000000000007acc                bt_conn_get_pkts
 .text.notify_le_param_updated
                0x0000000000007ad4       0x68 zephyr/subsys/bluetooth/host/libsubsys__bluetooth__host.a(conn.c.obj)
                0x0000000000007ad4                notify_le_param_updated
 .text.le_param_req
                0x0000000000007b3c       0x40 zephyr/subsys/bluetooth/host/libsubsys__bluetooth__host.a(conn.c.obj)
                0x0000000000007b3c                le_param_req
 .text.bt_conn_new
                0x0000000000007b7c       0x68 zephyr/subsys/bluetooth/host/libsubsys__bluetooth__host.a(conn.c.obj)
                0x0000000000007b7c                bt_conn_new
 .text.bt_conn_cb_register
                0x0000000000007be4       0x10 zephyr/subsys/bluetooth/host/libsubsys__bluetooth__host.a(conn.c.obj)
                0x0000000000007be4                bt_conn_cb_register
 .text.bt_conn_recv
                0x0000000000007bf4      0x10c zephyr/subsys/bluetooth/host/libsubsys__bluetooth__host.a(conn.c.obj)
                0x0000000000007bf4                bt_conn_recv
 .text.bt_conn_send_cb
                0x0000000000007d00       0xc8 zephyr/subsys/bluetooth/host/libsubsys__bluetooth__host.a(conn.c.obj)
                0x0000000000007d00                bt_conn_send_cb
 .text.bt_conn_prepare_events
                0x0000000000007dc8       0x78 zephyr/subsys/bluetooth/host/libsubsys__bluetooth__host.a(conn.c.obj)
                0x0000000000007dc8                bt_conn_prepare_events
 .text.bt_conn_add_le
                0x0000000000007e40       0x34 zephyr/subsys/bluetooth/host/libsubsys__bluetooth__host.a(conn.c.obj)
                0x0000000000007e40                bt_conn_add_le
 .text.bt_conn_lookup_handle
                0x0000000000007e74       0x10 zephyr/subsys/bluetooth/host/libsubsys__bluetooth__host.a(conn.c.obj)
                0x0000000000007e74                bt_conn_lookup_handle
 .text.bt_conn_set_state
                0x0000000000007e84      0x220 zephyr/subsys/bluetooth/host/libsubsys__bluetooth__host.a(conn.c.obj)
                0x0000000000007e84                bt_conn_set_state
 .text.bt_conn_lookup_addr_le
                0x00000000000080a4       0x3c zephyr/subsys/bluetooth/host/libsubsys__bluetooth__host.a(conn.c.obj)
                0x00000000000080a4                bt_conn_lookup_addr_le
 .text.bt_conn_exists_le
                0x00000000000080e0       0x4c zephyr/subsys/bluetooth/host/libsubsys__bluetooth__host.a(conn.c.obj)
                0x00000000000080e0                bt_conn_exists_le
 .text.bt_conn_lookup_state_le
                0x000000000000812c       0x44 zephyr/subsys/bluetooth/host/libsubsys__bluetooth__host.a(conn.c.obj)
                0x000000000000812c                bt_conn_lookup_state_le
 .text.send_conn_le_param_update
                0x0000000000008170       0x5c zephyr/subsys/bluetooth/host/libsubsys__bluetooth__host.a(conn.c.obj)
 .text.deferred_work
                0x00000000000081cc       0xc8 zephyr/subsys/bluetooth/host/libsubsys__bluetooth__host.a(conn.c.obj)
 .text.bt_conn_create_pdu_timeout
                0x0000000000008294       0x48 zephyr/subsys/bluetooth/host/libsubsys__bluetooth__host.a(conn.c.obj)
                0x0000000000008294                bt_conn_create_pdu_timeout
 .text.bt_conn_create_frag_timeout
                0x00000000000082dc        0xc zephyr/subsys/bluetooth/host/libsubsys__bluetooth__host.a(conn.c.obj)
                0x00000000000082dc                bt_conn_create_frag_timeout
 .text.create_frag
                0x00000000000082e8       0x6c zephyr/subsys/bluetooth/host/libsubsys__bluetooth__host.a(conn.c.obj)
 .text.bt_conn_process_tx
                0x0000000000008354       0xcc zephyr/subsys/bluetooth/host/libsubsys__bluetooth__host.a(conn.c.obj)
                0x0000000000008354                bt_conn_process_tx
 .text.bt_conn_index
                0x0000000000008420       0x18 zephyr/subsys/bluetooth/host/libsubsys__bluetooth__host.a(conn.c.obj)
                0x0000000000008420                bt_conn_index
 .text.bt_conn_init
                0x0000000000008438       0x68 zephyr/subsys/bluetooth/host/libsubsys__bluetooth__host.a(conn.c.obj)
                0x0000000000008438                bt_conn_init
 .text.l2cap_accept
                0x00000000000084a0       0x44 zephyr/subsys/bluetooth/host/libsubsys__bluetooth__host.a(l2cap.c.obj)
 .text.l2cap_create_le_sig_pdu.constprop.0
                0x00000000000084e4       0x50 zephyr/subsys/bluetooth/host/libsubsys__bluetooth__host.a(l2cap.c.obj)
 .text.l2cap_rtx_timeout
                0x0000000000008534       0x3c zephyr/subsys/bluetooth/host/libsubsys__bluetooth__host.a(l2cap.c.obj)
 .text.bt_l2cap_connected
                0x0000000000008570       0xb8 zephyr/subsys/bluetooth/host/libsubsys__bluetooth__host.a(l2cap.c.obj)
                0x0000000000008570                bt_l2cap_connected
 .text.l2cap_recv
                0x0000000000008628      0x16c zephyr/subsys/bluetooth/host/libsubsys__bluetooth__host.a(l2cap.c.obj)
 .text.bt_l2cap_recv
                0x0000000000008794       0x70 zephyr/subsys/bluetooth/host/libsubsys__bluetooth__host.a(l2cap.c.obj)
                0x0000000000008794                bt_l2cap_recv
 .text.bt_l2cap_update_conn_param
                0x0000000000008804       0x64 zephyr/subsys/bluetooth/host/libsubsys__bluetooth__host.a(l2cap.c.obj)
                0x0000000000008804                bt_l2cap_update_conn_param
 .text.att_cfm_sent
                0x0000000000008868       0x10 zephyr/subsys/bluetooth/host/libsubsys__bluetooth__host.a(att.c.obj)
 .text.att_rsp_sent
                0x0000000000008878       0x10 zephyr/subsys/bluetooth/host/libsubsys__bluetooth__host.a(att.c.obj)
 .text.att_req_sent
                0x0000000000008888       0x10 zephyr/subsys/bluetooth/host/libsubsys__bluetooth__host.a(att.c.obj)
 .text.att_get  0x0000000000008898       0x80 zephyr/subsys/bluetooth/host/libsubsys__bluetooth__host.a(att.c.obj)
 .text.bt_att_released
                0x0000000000008918       0x18 zephyr/subsys/bluetooth/host/libsubsys__bluetooth__host.a(att.c.obj)
 .text.find_type_cb
                0x0000000000008930      0x164 zephyr/subsys/bluetooth/host/libsubsys__bluetooth__host.a(att.c.obj)
 .text.bt_att_accept
                0x0000000000008a94       0xc8 zephyr/subsys/bluetooth/host/libsubsys__bluetooth__host.a(att.c.obj)
 .text.read_group_cb
                0x0000000000008b5c       0xac zephyr/subsys/bluetooth/host/libsubsys__bluetooth__host.a(att.c.obj)
 .text.chan_send
                0x0000000000008c08       0xdc zephyr/subsys/bluetooth/host/libsubsys__bluetooth__host.a(att.c.obj)
 .text.bt_att_chan_send_rsp.constprop.0
                0x0000000000008ce4       0x24 zephyr/subsys/bluetooth/host/libsubsys__bluetooth__host.a(att.c.obj)
 .text.read_type_cb
                0x0000000000008d08       0xa8 zephyr/subsys/bluetooth/host/libsubsys__bluetooth__host.a(att.c.obj)
 .text.bt_att_connected
                0x0000000000008db0       0x5c zephyr/subsys/bluetooth/host/libsubsys__bluetooth__host.a(att.c.obj)
 .text.bt_att_chan_create_pdu
                0x0000000000008e0c       0x88 zephyr/subsys/bluetooth/host/libsubsys__bluetooth__host.a(att.c.obj)
                0x0000000000008e0c                bt_att_chan_create_pdu
 .text.bt_att_recv
                0x0000000000008e94      0x160 zephyr/subsys/bluetooth/host/libsubsys__bluetooth__host.a(att.c.obj)
 .text.att_write_rsp.constprop.0
                0x0000000000008ff4       0xc4 zephyr/subsys/bluetooth/host/libsubsys__bluetooth__host.a(att.c.obj)
 .text.bt_att_create_pdu
                0x00000000000090b8       0x70 zephyr/subsys/bluetooth/host/libsubsys__bluetooth__host.a(att.c.obj)
                0x00000000000090b8                bt_att_create_pdu
 .text.att_read_group_req
                0x0000000000009128      0x104 zephyr/subsys/bluetooth/host/libsubsys__bluetooth__host.a(att.c.obj)
 .text.att_read_mult_req
                0x000000000000922c       0x84 zephyr/subsys/bluetooth/host/libsubsys__bluetooth__host.a(att.c.obj)
 .text.att_read_rsp
                0x00000000000092b0       0x90 zephyr/subsys/bluetooth/host/libsubsys__bluetooth__host.a(att.c.obj)
 .text.att_read_type_req
                0x0000000000009340       0xc0 zephyr/subsys/bluetooth/host/libsubsys__bluetooth__host.a(att.c.obj)
 .text.att_find_type_req
                0x0000000000009400       0xd4 zephyr/subsys/bluetooth/host/libsubsys__bluetooth__host.a(att.c.obj)
 .text.att_find_info_req
                0x00000000000094d4       0x70 zephyr/subsys/bluetooth/host/libsubsys__bluetooth__host.a(att.c.obj)
 .text.bt_att_req_alloc
                0x0000000000009544       0x2c zephyr/subsys/bluetooth/host/libsubsys__bluetooth__host.a(att.c.obj)
                0x0000000000009544                bt_att_req_alloc
 .text.bt_att_req_free
                0x0000000000009570       0x24 zephyr/subsys/bluetooth/host/libsubsys__bluetooth__host.a(att.c.obj)
                0x0000000000009570                bt_att_req_free
 .text.att_handle_rsp
                0x0000000000009594       0x90 zephyr/subsys/bluetooth/host/libsubsys__bluetooth__host.a(att.c.obj)
 .text.bt_att_disconnected
                0x0000000000009624       0xb0 zephyr/subsys/bluetooth/host/libsubsys__bluetooth__host.a(att.c.obj)
 .text.att_timeout
                0x00000000000096d4       0x30 zephyr/subsys/bluetooth/host/libsubsys__bluetooth__host.a(att.c.obj)
 .text.find_cf_cfg
                0x0000000000009704       0x3c zephyr/subsys/bluetooth/host/libsubsys__bluetooth__host.a(gatt.c.obj)
 .text.cf_write
                0x0000000000009740       0xac zephyr/subsys/bluetooth/host/libsubsys__bluetooth__host.a(gatt.c.obj)
 .text.bt_gatt_attr_write_ccc
                0x00000000000097ec       0xcc zephyr/subsys/bluetooth/host/libsubsys__bluetooth__host.a(gatt.c.obj)
                0x00000000000097ec                bt_gatt_attr_write_ccc
 .text.find_sc_cfg
                0x00000000000098b8       0x20 zephyr/subsys/bluetooth/host/libsubsys__bluetooth__host.a(gatt.c.obj)
 .text.sc_save  0x00000000000098d8       0x70 zephyr/subsys/bluetooth/host/libsubsys__bluetooth__host.a(gatt.c.obj)
 .text.disconnected_cb
                0x0000000000009948       0x9c zephyr/subsys/bluetooth/host/libsubsys__bluetooth__host.a(gatt.c.obj)
 .text.sc_indicate_rsp
                0x00000000000099e4       0x5c zephyr/subsys/bluetooth/host/libsubsys__bluetooth__host.a(gatt.c.obj)
 .text.bt_gatt_init
                0x0000000000009a40       0xa0 zephyr/subsys/bluetooth/host/libsubsys__bluetooth__host.a(gatt.c.obj)
                0x0000000000009a40                bt_gatt_init
 .text.bt_gatt_attr_get_handle
                0x0000000000009ae0       0x60 zephyr/subsys/bluetooth/host/libsubsys__bluetooth__host.a(gatt.c.obj)
                0x0000000000009ae0                bt_gatt_attr_get_handle
 .text.bt_gatt_foreach_attr_type
                0x0000000000009b40       0xb4 zephyr/subsys/bluetooth/host/libsubsys__bluetooth__host.a(gatt.c.obj)
                0x0000000000009b40                bt_gatt_foreach_attr_type
 .text.db_hash_gen.constprop.0
                0x0000000000009bf4       0xac zephyr/subsys/bluetooth/host/libsubsys__bluetooth__host.a(gatt.c.obj)
 .text.gatt_indicate
                0x0000000000009ca0       0xcc zephyr/subsys/bluetooth/host/libsubsys__bluetooth__host.a(gatt.c.obj)
 .text.bt_gatt_indicate
                0x0000000000009d6c       0xf4 zephyr/subsys/bluetooth/host/libsubsys__bluetooth__host.a(gatt.c.obj)
                0x0000000000009d6c                bt_gatt_indicate
 .text.sc_process
                0x0000000000009e60       0x70 zephyr/subsys/bluetooth/host/libsubsys__bluetooth__host.a(gatt.c.obj)
 .text.gatt_notify
                0x0000000000009ed0       0xa0 zephyr/subsys/bluetooth/host/libsubsys__bluetooth__host.a(gatt.c.obj)
 .text.notify_cb
                0x0000000000009f70       0xf8 zephyr/subsys/bluetooth/host/libsubsys__bluetooth__host.a(gatt.c.obj)
 .text.update_ccc
                0x000000000000a068       0xf4 zephyr/subsys/bluetooth/host/libsubsys__bluetooth__host.a(gatt.c.obj)
 .text.bt_gatt_connected
                0x000000000000a15c       0x20 zephyr/subsys/bluetooth/host/libsubsys__bluetooth__host.a(gatt.c.obj)
                0x000000000000a15c                bt_gatt_connected
 .text.db_hash_read
                0x000000000000a17c       0x64 zephyr/subsys/bluetooth/host/libsubsys__bluetooth__host.a(gatt.c.obj)
 .text.bt_gatt_disconnected
                0x000000000000a1e0       0x5c zephyr/subsys/bluetooth/host/libsubsys__bluetooth__host.a(gatt.c.obj)
                0x000000000000a1e0                bt_gatt_disconnected
 .text.bt_smp_accept
                0x000000000000a23c       0x44 zephyr/subsys/bluetooth/host/libsubsys__bluetooth__host.a(smp_null.c.obj)
 .text.mem_init
                0x000000000000a280       0x60 zephyr/subsys/bluetooth/controller/libsubsys__bluetooth__controller.a(mem.c.obj)
                0x000000000000a280                mem_init
 .text.mem_acquire
                0x000000000000a2e0       0x34 zephyr/subsys/bluetooth/controller/libsubsys__bluetooth__controller.a(mem.c.obj)
                0x000000000000a2e0                mem_acquire
 .text.mem_release
                0x000000000000a314       0x30 zephyr/subsys/bluetooth/controller/libsubsys__bluetooth__controller.a(mem.c.obj)
                0x000000000000a314                mem_release
 .text.mem_get  0x000000000000a344        0x8 zephyr/subsys/bluetooth/controller/libsubsys__bluetooth__controller.a(mem.c.obj)
                0x000000000000a344                mem_get
 .text.mem_index_get
                0x000000000000a34c        0xc zephyr/subsys/bluetooth/controller/libsubsys__bluetooth__controller.a(mem.c.obj)
                0x000000000000a34c                mem_index_get
 .text.mem_rcopy
                0x000000000000a358       0x1c zephyr/subsys/bluetooth/controller/libsubsys__bluetooth__controller.a(mem.c.obj)
                0x000000000000a358                mem_rcopy
 .text.mem_nz   0x000000000000a374       0x18 zephyr/subsys/bluetooth/controller/libsubsys__bluetooth__controller.a(mem.c.obj)
                0x000000000000a374                mem_nz
 .text.memq_init
                0x000000000000a38c        0x8 zephyr/subsys/bluetooth/controller/libsubsys__bluetooth__controller.a(memq.c.obj)
                0x000000000000a38c                memq_init
 .text.memq_deinit
                0x000000000000a394       0x14 zephyr/subsys/bluetooth/controller/libsubsys__bluetooth__controller.a(memq.c.obj)
                0x000000000000a394                memq_deinit
 .text.memq_enqueue
                0x000000000000a3a8       0x14 zephyr/subsys/bluetooth/controller/libsubsys__bluetooth__controller.a(memq.c.obj)
                0x000000000000a3a8                memq_enqueue
 .text.memq_peek
                0x000000000000a3bc       0x10 zephyr/subsys/bluetooth/controller/libsubsys__bluetooth__controller.a(memq.c.obj)
                0x000000000000a3bc                memq_peek
 .text.memq_dequeue
                0x000000000000a3cc       0x20 zephyr/subsys/bluetooth/controller/libsubsys__bluetooth__controller.a(memq.c.obj)
                0x000000000000a3cc                memq_dequeue
 .text.mayfly_init
                0x000000000000a3ec       0x40 zephyr/subsys/bluetooth/controller/libsubsys__bluetooth__controller.a(mayfly.c.obj)
                0x000000000000a3ec                mayfly_init
 .text.mayfly_enable
                0x000000000000a42c       0x64 zephyr/subsys/bluetooth/controller/libsubsys__bluetooth__controller.a(mayfly.c.obj)
                0x000000000000a42c                mayfly_enable
 .text.mayfly_enqueue
                0x000000000000a490       0xa8 zephyr/subsys/bluetooth/controller/libsubsys__bluetooth__controller.a(mayfly.c.obj)
                0x000000000000a490                mayfly_enqueue
 .text.mayfly_run
                0x000000000000a538      0x148 zephyr/subsys/bluetooth/controller/libsubsys__bluetooth__controller.a(mayfly.c.obj)
                0x000000000000a538                mayfly_run
 .text.util_ones_count_get
                0x000000000000a680       0x30 zephyr/subsys/bluetooth/controller/libsubsys__bluetooth__controller.a(util.c.obj)
                0x000000000000a680                util_ones_count_get
 .text.util_aa_le32
                0x000000000000a6b0      0x138 zephyr/subsys/bluetooth/controller/libsubsys__bluetooth__controller.a(util.c.obj)
                0x000000000000a6b0                util_aa_le32
 .text.ticks_to_expire_prep
                0x000000000000a7e8       0x48 zephyr/subsys/bluetooth/controller/libsubsys__bluetooth__controller.a(ticker.c.obj)
 .text.ticker_job_list_insert
                0x000000000000a830      0x20c zephyr/subsys/bluetooth/controller/libsubsys__bluetooth__controller.a(ticker.c.obj)
 .text.ticker_worker
                0x000000000000aa3c      0x2dc zephyr/subsys/bluetooth/controller/libsubsys__bluetooth__controller.a(ticker.c.obj)
                0x000000000000aa3c                ticker_worker
 .text.ticker_job
                0x000000000000ad18      0x9d0 zephyr/subsys/bluetooth/controller/libsubsys__bluetooth__controller.a(ticker.c.obj)
                0x000000000000ad18                ticker_job
 .text.ticker_init
                0x000000000000b6e8       0x88 zephyr/subsys/bluetooth/controller/libsubsys__bluetooth__controller.a(ticker.c.obj)
                0x000000000000b6e8                ticker_init
 .text.ticker_trigger
                0x000000000000b770       0x30 zephyr/subsys/bluetooth/controller/libsubsys__bluetooth__controller.a(ticker.c.obj)
                0x000000000000b770                ticker_trigger
 .text.ticker_start_ext
                0x000000000000b7a0       0xac zephyr/subsys/bluetooth/controller/libsubsys__bluetooth__controller.a(ticker.c.obj)
                0x000000000000b7a0                ticker_start_ext
 .text.ticker_start
                0x000000000000b84c       0x38 zephyr/subsys/bluetooth/controller/libsubsys__bluetooth__controller.a(ticker.c.obj)
                0x000000000000b84c                ticker_start
 .text.ticker_update_ext
                0x000000000000b884       0xac zephyr/subsys/bluetooth/controller/libsubsys__bluetooth__controller.a(ticker.c.obj)
                0x000000000000b884                ticker_update_ext
 .text.ticker_update
                0x000000000000b930       0x30 zephyr/subsys/bluetooth/controller/libsubsys__bluetooth__controller.a(ticker.c.obj)
                0x000000000000b930                ticker_update
 .text.ticker_stop
                0x000000000000b960       0x84 zephyr/subsys/bluetooth/controller/libsubsys__bluetooth__controller.a(ticker.c.obj)
                0x000000000000b960                ticker_stop
 .text.ticker_next_slot_get
                0x000000000000b9e4       0x8c zephyr/subsys/bluetooth/controller/libsubsys__bluetooth__controller.a(ticker.c.obj)
                0x000000000000b9e4                ticker_next_slot_get
 .text.ticker_job_sched
                0x000000000000ba70       0x30 zephyr/subsys/bluetooth/controller/libsubsys__bluetooth__controller.a(ticker.c.obj)
                0x000000000000ba70                ticker_job_sched
 .text.ticker_ticks_now_get
                0x000000000000baa0        0x4 zephyr/subsys/bluetooth/controller/libsubsys__bluetooth__controller.a(ticker.c.obj)
                0x000000000000baa0                ticker_ticks_now_get
 .text.ticker_ticks_diff_get
                0x000000000000baa4        0x8 zephyr/subsys/bluetooth/controller/libsubsys__bluetooth__controller.a(ticker.c.obj)
                0x000000000000baa4                ticker_ticks_diff_get
 .text.ll_addr_get
                0x000000000000baac       0x3c zephyr/subsys/bluetooth/controller/libsubsys__bluetooth__controller.a(ll_addr.c.obj)
                0x000000000000baac                ll_addr_get
 .text.ll_addr_set
                0x000000000000bae8       0x44 zephyr/subsys/bluetooth/controller/libsubsys__bluetooth__controller.a(ll_addr.c.obj)
                0x000000000000bae8                ll_addr_set
 .text.ll_tx_pwr_lvl_get
                0x000000000000bb2c       0x20 zephyr/subsys/bluetooth/controller/libsubsys__bluetooth__controller.a(ll_tx_pwr.c.obj)
                0x000000000000bb2c                ll_tx_pwr_lvl_get
 .text.ll_tx_pwr_get
                0x000000000000bb4c        0x8 zephyr/subsys/bluetooth/controller/libsubsys__bluetooth__controller.a(ll_tx_pwr.c.obj)
                0x000000000000bb4c                ll_tx_pwr_get
 .text.hci_driver_init
                0x000000000000bb54       0x10 zephyr/subsys/bluetooth/controller/libsubsys__bluetooth__controller.a(hci_driver.c.obj)
 .text.hci_driver_send
                0x000000000000bb64       0xb0 zephyr/subsys/bluetooth/controller/libsubsys__bluetooth__controller.a(hci_driver.c.obj)
 .text.recv_thread
                0x000000000000bc14      0x118 zephyr/subsys/bluetooth/controller/libsubsys__bluetooth__controller.a(hci_driver.c.obj)
 .text.prio_recv_thread
                0x000000000000bd2c       0xc0 zephyr/subsys/bluetooth/controller/libsubsys__bluetooth__controller.a(hci_driver.c.obj)
 .text.hci_driver_open
                0x000000000000bdec       0xb8 zephyr/subsys/bluetooth/controller/libsubsys__bluetooth__controller.a(hci_driver.c.obj)
 .text.dup_found.part.0
                0x000000000000bea4       0xc0 zephyr/subsys/bluetooth/controller/libsubsys__bluetooth__controller.a(hci.c.obj)
 .text.le_remote_feat_complete
                0x000000000000bf64       0x70 zephyr/subsys/bluetooth/controller/libsubsys__bluetooth__controller.a(hci.c.obj)
 .text.hci_vendor_cmd_handle_common
                0x000000000000bfd4      0x180 zephyr/subsys/bluetooth/controller/libsubsys__bluetooth__controller.a(hci.c.obj)
                0x000000000000bfd4                hci_vendor_cmd_handle_common
 .text.hci_cmd_handle
                0x000000000000c154      0xa84 zephyr/subsys/bluetooth/controller/libsubsys__bluetooth__controller.a(hci.c.obj)
                0x000000000000c154                hci_cmd_handle
 .text.hci_acl_handle
                0x000000000000cbd8      0x13c zephyr/subsys/bluetooth/controller/libsubsys__bluetooth__controller.a(hci.c.obj)
                0x000000000000cbd8                hci_acl_handle
 .text.hci_disconn_complete_encode
                0x000000000000cd14       0x40 zephyr/subsys/bluetooth/controller/libsubsys__bluetooth__controller.a(hci.c.obj)
                0x000000000000cd14                hci_disconn_complete_encode
 .text.hci_disconn_complete_process
                0x000000000000cd54       0x10 zephyr/subsys/bluetooth/controller/libsubsys__bluetooth__controller.a(hci.c.obj)
                0x000000000000cd54                hci_disconn_complete_process
 .text.hci_acl_encode
                0x000000000000cd64       0x74 zephyr/subsys/bluetooth/controller/libsubsys__bluetooth__controller.a(hci.c.obj)
                0x000000000000cd64                hci_acl_encode
 .text.hci_evt_encode
                0x000000000000cdd8      0x820 zephyr/subsys/bluetooth/controller/libsubsys__bluetooth__controller.a(hci.c.obj)
                0x000000000000cdd8                hci_evt_encode
 .text.hci_num_cmplt_encode
                0x000000000000d5f8       0x30 zephyr/subsys/bluetooth/controller/libsubsys__bluetooth__controller.a(hci.c.obj)
                0x000000000000d5f8                hci_num_cmplt_encode
 .text.hci_get_class
                0x000000000000d628       0x2c zephyr/subsys/bluetooth/controller/libsubsys__bluetooth__controller.a(hci.c.obj)
                0x000000000000d628                hci_get_class
 .text.hci_init
                0x000000000000d654       0x4c zephyr/subsys/bluetooth/controller/libsubsys__bluetooth__controller.a(hci.c.obj)
                0x000000000000d654                hci_init
 .text.bt_rand  0x000000000000d6a0        0x4 zephyr/subsys/bluetooth/controller/libsubsys__bluetooth__controller.a(crypto.c.obj)
                0x000000000000d6a0                bt_rand
 .text.bt_encrypt_le
                0x000000000000d6a4        0xc zephyr/subsys/bluetooth/controller/libsubsys__bluetooth__controller.a(crypto.c.obj)
                0x000000000000d6a4                bt_encrypt_le
 .text.ll_feat_get
                0x000000000000d6b0        0xc zephyr/subsys/bluetooth/controller/libsubsys__bluetooth__controller.a(ll_feat.c.obj)
                0x000000000000d6b0                ll_feat_get
 .text.perform_lll_reset
                0x000000000000d6bc       0xc0 zephyr/subsys/bluetooth/controller/libsubsys__bluetooth__controller.a(ull.c.obj)
 .text.ull_ticker_status_give
                0x000000000000d77c        0xc zephyr/subsys/bluetooth/controller/libsubsys__bluetooth__controller.a(ull.c.obj)
                0x000000000000d77c                ull_ticker_status_give
 .text.disabled_cb
                0x000000000000d788        0x4 zephyr/subsys/bluetooth/controller/libsubsys__bluetooth__controller.a(ull.c.obj)
 .text.tx_cmplt_get
                0x000000000000d78c       0xcc zephyr/subsys/bluetooth/controller/libsubsys__bluetooth__controller.a(ull.c.obj)
 .text.ull_done
                0x000000000000d858      0x114 zephyr/subsys/bluetooth/controller/libsubsys__bluetooth__controller.a(ull.c.obj)
 .text.rx_alloc
                0x000000000000d96c       0xf8 zephyr/subsys/bluetooth/controller/libsubsys__bluetooth__controller.a(ull.c.obj)
 .text.init_reset
                0x000000000000da64      0x14c zephyr/subsys/bluetooth/controller/libsubsys__bluetooth__controller.a(ull.c.obj)
 .text.rx_demux
                0x000000000000dbb0      0x1d4 zephyr/subsys/bluetooth/controller/libsubsys__bluetooth__controller.a(ull.c.obj)
 .text.ll_init  0x000000000000dd84       0xf0 zephyr/subsys/bluetooth/controller/libsubsys__bluetooth__controller.a(ull.c.obj)
                0x000000000000dd84                ll_init
 .text.ll_reset
                0x000000000000de74      0x1a4 zephyr/subsys/bluetooth/controller/libsubsys__bluetooth__controller.a(ull.c.obj)
                0x000000000000de74                ll_reset
 .text.ll_rx_get
                0x000000000000e018      0x1cc zephyr/subsys/bluetooth/controller/libsubsys__bluetooth__controller.a(ull.c.obj)
                0x000000000000e018                ll_rx_get
 .text.ll_rx_dequeue
                0x000000000000e1e4      0x1a4 zephyr/subsys/bluetooth/controller/libsubsys__bluetooth__controller.a(ull.c.obj)
                0x000000000000e1e4                ll_rx_dequeue
 .text.ll_rx_mem_release
                0x000000000000e388      0x1a8 zephyr/subsys/bluetooth/controller/libsubsys__bluetooth__controller.a(ull.c.obj)
                0x000000000000e388                ll_rx_mem_release
 .text.ll_rx_link_alloc
                0x000000000000e530        0xc zephyr/subsys/bluetooth/controller/libsubsys__bluetooth__controller.a(ull.c.obj)
                0x000000000000e530                ll_rx_link_alloc
 .text.ll_rx_link_release
                0x000000000000e53c        0xc zephyr/subsys/bluetooth/controller/libsubsys__bluetooth__controller.a(ull.c.obj)
                0x000000000000e53c                ll_rx_link_release
 .text.ll_rx_alloc
                0x000000000000e548        0xc zephyr/subsys/bluetooth/controller/libsubsys__bluetooth__controller.a(ull.c.obj)
                0x000000000000e548                ll_rx_alloc
 .text.ll_rx_release
                0x000000000000e554        0xc zephyr/subsys/bluetooth/controller/libsubsys__bluetooth__controller.a(ull.c.obj)
                0x000000000000e554                ll_rx_release
 .text.ll_rx_put
                0x000000000000e560       0x14 zephyr/subsys/bluetooth/controller/libsubsys__bluetooth__controller.a(ull.c.obj)
                0x000000000000e560                ll_rx_put
 .text.ll_rx_sched
                0x000000000000e574        0xc zephyr/subsys/bluetooth/controller/libsubsys__bluetooth__controller.a(ull.c.obj)
                0x000000000000e574                ll_rx_sched
 .text.ll_pdu_rx_alloc_peek
                0x000000000000e580       0x3c zephyr/subsys/bluetooth/controller/libsubsys__bluetooth__controller.a(ull.c.obj)
                0x000000000000e580                ll_pdu_rx_alloc_peek
 .text.ll_pdu_rx_alloc
                0x000000000000e5bc       0x2c zephyr/subsys/bluetooth/controller/libsubsys__bluetooth__controller.a(ull.c.obj)
                0x000000000000e5bc                ll_pdu_rx_alloc
 .text.ll_tx_ack_put
                0x000000000000e5e8       0x68 zephyr/subsys/bluetooth/controller/libsubsys__bluetooth__controller.a(ull.c.obj)
                0x000000000000e5e8                ll_tx_ack_put
 .text.ull_ticker_status_take
                0x000000000000e650       0x50 zephyr/subsys/bluetooth/controller/libsubsys__bluetooth__controller.a(ull.c.obj)
                0x000000000000e650                ull_ticker_status_take
 .text.ull_disable_mark
                0x000000000000e6a0       0x14 zephyr/subsys/bluetooth/controller/libsubsys__bluetooth__controller.a(ull.c.obj)
                0x000000000000e6a0                ull_disable_mark
 .text.ull_disable_unmark
                0x000000000000e6b4       0x18 zephyr/subsys/bluetooth/controller/libsubsys__bluetooth__controller.a(ull.c.obj)
                0x000000000000e6b4                ull_disable_unmark
 .text.ull_disable_mark_get
                0x000000000000e6cc        0xc zephyr/subsys/bluetooth/controller/libsubsys__bluetooth__controller.a(ull.c.obj)
                0x000000000000e6cc                ull_disable_mark_get
 .text.ull_update_mark
                0x000000000000e6d8       0x14 zephyr/subsys/bluetooth/controller/libsubsys__bluetooth__controller.a(ull.c.obj)
                0x000000000000e6d8                ull_update_mark
 .text.ull_update_unmark
                0x000000000000e6ec       0x18 zephyr/subsys/bluetooth/controller/libsubsys__bluetooth__controller.a(ull.c.obj)
                0x000000000000e6ec                ull_update_unmark
 .text.ull_update_mark_get
                0x000000000000e704        0xc zephyr/subsys/bluetooth/controller/libsubsys__bluetooth__controller.a(ull.c.obj)
                0x000000000000e704                ull_update_mark_get
 .text.ull_disable
                0x000000000000e710       0x80 zephyr/subsys/bluetooth/controller/libsubsys__bluetooth__controller.a(ull.c.obj)
                0x000000000000e710                ull_disable
 .text.ull_ticker_stop_with_mark
                0x000000000000e790       0x80 zephyr/subsys/bluetooth/controller/libsubsys__bluetooth__controller.a(ull.c.obj)
                0x000000000000e790                ull_ticker_stop_with_mark
 .text.ull_pdu_rx_alloc_peek
                0x000000000000e810       0x3c zephyr/subsys/bluetooth/controller/libsubsys__bluetooth__controller.a(ull.c.obj)
                0x000000000000e810                ull_pdu_rx_alloc_peek
 .text.ull_pdu_rx_alloc
                0x000000000000e84c       0x2c zephyr/subsys/bluetooth/controller/libsubsys__bluetooth__controller.a(ull.c.obj)
                0x000000000000e84c                ull_pdu_rx_alloc
 .text.ull_rx_put
                0x000000000000e878       0x20 zephyr/subsys/bluetooth/controller/libsubsys__bluetooth__controller.a(ull.c.obj)
                0x000000000000e878                ull_rx_put
 .text.ull_rx_sched
                0x000000000000e898       0x10 zephyr/subsys/bluetooth/controller/libsubsys__bluetooth__controller.a(ull.c.obj)
                0x000000000000e898                ull_rx_sched
 .text.ull_prepare_enqueue
                0x000000000000e8a8       0x64 zephyr/subsys/bluetooth/controller/libsubsys__bluetooth__controller.a(ull.c.obj)
                0x000000000000e8a8                ull_prepare_enqueue
 .text.ull_prepare_dequeue_get
                0x000000000000e90c       0x1c zephyr/subsys/bluetooth/controller/libsubsys__bluetooth__controller.a(ull.c.obj)
                0x000000000000e90c                ull_prepare_dequeue_get
 .text.ull_prepare_dequeue_iter
                0x000000000000e928       0x40 zephyr/subsys/bluetooth/controller/libsubsys__bluetooth__controller.a(ull.c.obj)
                0x000000000000e928                ull_prepare_dequeue_iter
 .text.ull_prepare_dequeue
                0x000000000000e968       0xb8 zephyr/subsys/bluetooth/controller/libsubsys__bluetooth__controller.a(ull.c.obj)
                0x000000000000e968                ull_prepare_dequeue
 .text.ull_event_done_extra_get
                0x000000000000ea20       0x20 zephyr/subsys/bluetooth/controller/libsubsys__bluetooth__controller.a(ull.c.obj)
                0x000000000000ea20                ull_event_done_extra_get
 .text.ull_event_done
                0x000000000000ea40       0x5c zephyr/subsys/bluetooth/controller/libsubsys__bluetooth__controller.a(ull.c.obj)
                0x000000000000ea40                ull_event_done
 .text.lll_prepare
                0x000000000000ea9c       0x14 zephyr/subsys/bluetooth/controller/libsubsys__bluetooth__controller.a(lll_common.c.obj)
                0x000000000000ea9c                lll_prepare
 .text.lll_resume
                0x000000000000eab0       0x4c zephyr/subsys/bluetooth/controller/libsubsys__bluetooth__controller.a(lll_common.c.obj)
                0x000000000000eab0                lll_resume
 .text.ticker_stop_cb
                0x000000000000eafc       0x88 zephyr/subsys/bluetooth/controller/libsubsys__bluetooth__controller.a(ull_adv.c.obj)
 .text.disabled_cb
                0x000000000000eb84       0x94 zephyr/subsys/bluetooth/controller/libsubsys__bluetooth__controller.a(ull_adv.c.obj)
 .text.ticker_cb
                0x000000000000ec18      0x130 zephyr/subsys/bluetooth/controller/libsubsys__bluetooth__controller.a(ull_adv.c.obj)
 .text.ticker_op_stop_cb
                0x000000000000ed48       0xbc zephyr/subsys/bluetooth/controller/libsubsys__bluetooth__controller.a(ull_adv.c.obj)
 .text.ticker_op_update_cb
                0x000000000000ee04       0x38 zephyr/subsys/bluetooth/controller/libsubsys__bluetooth__controller.a(ull_adv.c.obj)
 .text.init_set.constprop.0
                0x000000000000ee3c       0x54 zephyr/subsys/bluetooth/controller/libsubsys__bluetooth__controller.a(ull_adv.c.obj)
 .text.conn_release.constprop.0
                0x000000000000ee90       0x84 zephyr/subsys/bluetooth/controller/libsubsys__bluetooth__controller.a(ull_adv.c.obj)
 .text.disable.part.0
                0x000000000000ef14      0x15c zephyr/subsys/bluetooth/controller/libsubsys__bluetooth__controller.a(ull_adv.c.obj)
 .text.ll_adv_params_set
                0x000000000000f070      0x144 zephyr/subsys/bluetooth/controller/libsubsys__bluetooth__controller.a(ull_adv.c.obj)
                0x000000000000f070                ll_adv_params_set
 .text.ll_adv_data_set
                0x000000000000f1b4       0x8c zephyr/subsys/bluetooth/controller/libsubsys__bluetooth__controller.a(ull_adv.c.obj)
                0x000000000000f1b4                ll_adv_data_set
 .text.ull_adv_init
                0x000000000000f240       0x20 zephyr/subsys/bluetooth/controller/libsubsys__bluetooth__controller.a(ull_adv.c.obj)
                0x000000000000f240                ull_adv_init
 .text.ull_adv_reset
                0x000000000000f260       0x34 zephyr/subsys/bluetooth/controller/libsubsys__bluetooth__controller.a(ull_adv.c.obj)
                0x000000000000f260                ull_adv_reset
 .text.ull_adv_reset_finalize
                0x000000000000f294       0x30 zephyr/subsys/bluetooth/controller/libsubsys__bluetooth__controller.a(ull_adv.c.obj)
                0x000000000000f294                ull_adv_reset_finalize
 .text.ull_adv_handle_get
                0x000000000000f2c4       0x1c zephyr/subsys/bluetooth/controller/libsubsys__bluetooth__controller.a(ull_adv.c.obj)
                0x000000000000f2c4                ull_adv_handle_get
 .text.ull_adv_lll_handle_get
                0x000000000000f2e0       0x1c zephyr/subsys/bluetooth/controller/libsubsys__bluetooth__controller.a(ull_adv.c.obj)
                0x000000000000f2e0                ull_adv_lll_handle_get
 .text.ull_adv_is_enabled_get
                0x000000000000f2fc       0x1c zephyr/subsys/bluetooth/controller/libsubsys__bluetooth__controller.a(ull_adv.c.obj)
                0x000000000000f2fc                ull_adv_is_enabled_get
 .text.ull_adv_is_enabled
                0x000000000000f318       0x18 zephyr/subsys/bluetooth/controller/libsubsys__bluetooth__controller.a(ull_adv.c.obj)
                0x000000000000f318                ull_adv_is_enabled
 .text.ull_adv_filter_pol_get
                0x000000000000f330       0x20 zephyr/subsys/bluetooth/controller/libsubsys__bluetooth__controller.a(ull_adv.c.obj)
                0x000000000000f330                ull_adv_filter_pol_get
 .text.ull_scan_rsp_set
                0x000000000000f350       0x58 zephyr/subsys/bluetooth/controller/libsubsys__bluetooth__controller.a(ull_adv.c.obj)
                0x000000000000f350                ull_scan_rsp_set
 .text.ll_adv_scan_rsp_set
                0x000000000000f3a8       0x10 zephyr/subsys/bluetooth/controller/libsubsys__bluetooth__controller.a(ull_adv.c.obj)
                0x000000000000f3a8                ll_adv_scan_rsp_set
 .text.ull_adv_pdu_update_addrs
                0x000000000000f3b8       0x60 zephyr/subsys/bluetooth/controller/libsubsys__bluetooth__controller.a(ull_adv.c.obj)
                0x000000000000f3b8                ull_adv_pdu_update_addrs
 .text.ticker_cb
                0x000000000000f418       0x94 zephyr/subsys/bluetooth/controller/libsubsys__bluetooth__controller.a(ull_scan.c.obj)
 .text.ull_scan_init
                0x000000000000f4ac        0x4 zephyr/subsys/bluetooth/controller/libsubsys__bluetooth__controller.a(ull_scan.c.obj)
                0x000000000000f4ac                ull_scan_init
 .text.ull_scan_disable
                0x000000000000f4b0       0x44 zephyr/subsys/bluetooth/controller/libsubsys__bluetooth__controller.a(ull_scan.c.obj)
                0x000000000000f4b0                ull_scan_disable
 .text.ll_scan_enable
                0x000000000000f4f4       0xc0 zephyr/subsys/bluetooth/controller/libsubsys__bluetooth__controller.a(ull_scan.c.obj)
                0x000000000000f4f4                ll_scan_enable
 .text.ull_scan_reset
                0x000000000000f5b4       0x3c zephyr/subsys/bluetooth/controller/libsubsys__bluetooth__controller.a(ull_scan.c.obj)
                0x000000000000f5b4                ull_scan_reset
 .text.ull_scan_handle_get
                0x000000000000f5f0       0x18 zephyr/subsys/bluetooth/controller/libsubsys__bluetooth__controller.a(ull_scan.c.obj)
                0x000000000000f5f0                ull_scan_handle_get
 .text.ull_scan_lll_handle_get
                0x000000000000f608       0x1c zephyr/subsys/bluetooth/controller/libsubsys__bluetooth__controller.a(ull_scan.c.obj)
                0x000000000000f608                ull_scan_lll_handle_get
 .text.ull_scan_is_enabled_get
                0x000000000000f624       0x1c zephyr/subsys/bluetooth/controller/libsubsys__bluetooth__controller.a(ull_scan.c.obj)
                0x000000000000f624                ull_scan_is_enabled_get
 .text.ull_scan_is_disabled_get
                0x000000000000f640       0x18 zephyr/subsys/bluetooth/controller/libsubsys__bluetooth__controller.a(ull_scan.c.obj)
                0x000000000000f640                ull_scan_is_disabled_get
 .text.ull_scan_is_enabled
                0x000000000000f658       0x30 zephyr/subsys/bluetooth/controller/libsubsys__bluetooth__controller.a(ull_scan.c.obj)
                0x000000000000f658                ull_scan_is_enabled
 .text.ull_scan_filter_pol_get
                0x000000000000f688       0x20 zephyr/subsys/bluetooth/controller/libsubsys__bluetooth__controller.a(ull_scan.c.obj)
                0x000000000000f688                ull_scan_filter_pol_get
 .text.init_reset
                0x000000000000f6a8       0x7c zephyr/subsys/bluetooth/controller/libsubsys__bluetooth__controller.a(ull_conn.c.obj)
 .text.ctrl_tx_pause_enqueue
                0x000000000000f724       0xe8 zephyr/subsys/bluetooth/controller/libsubsys__bluetooth__controller.a(ull_conn.c.obj)
 .text.ticker_op_stop_cb
                0x000000000000f80c       0xdc zephyr/subsys/bluetooth/controller/libsubsys__bluetooth__controller.a(ull_conn.c.obj)
 .text.tx_lll_flush
                0x000000000000f8e8       0xf4 zephyr/subsys/bluetooth/controller/libsubsys__bluetooth__controller.a(ull_conn.c.obj)
 .text.ctrl_tx_sec_enqueue
                0x000000000000f9dc       0x84 zephyr/subsys/bluetooth/controller/libsubsys__bluetooth__controller.a(ull_conn.c.obj)
 .text.disabled_cb
                0x000000000000fa60       0x40 zephyr/subsys/bluetooth/controller/libsubsys__bluetooth__controller.a(ull_conn.c.obj)
 .text.conn_setup_adv_scan_disabled_cb
                0x000000000000faa0       0x18 zephyr/subsys/bluetooth/controller/libsubsys__bluetooth__controller.a(ull_conn.c.obj)
 .text.ticker_start_conn_op_cb
                0x000000000000fab8       0x58 zephyr/subsys/bluetooth/controller/libsubsys__bluetooth__controller.a(ull_conn.c.obj)
 .text.ticker_stop_conn_op_cb
                0x000000000000fb10       0x58 zephyr/subsys/bluetooth/controller/libsubsys__bluetooth__controller.a(ull_conn.c.obj)
 .text.ticker_update_conn_op_cb
                0x000000000000fb68       0x40 zephyr/subsys/bluetooth/controller/libsubsys__bluetooth__controller.a(ull_conn.c.obj)
 .text.tx_ull_dequeue
                0x000000000000fba8       0x7c zephyr/subsys/bluetooth/controller/libsubsys__bluetooth__controller.a(ull_conn.c.obj)
 .text.feature_rsp_send
                0x000000000000fc24      0x100 zephyr/subsys/bluetooth/controller/libsubsys__bluetooth__controller.a(ull_conn.c.obj)
 .text.reject_ext_ind_send
                0x000000000000fd24       0xd4 zephyr/subsys/bluetooth/controller/libsubsys__bluetooth__controller.a(ull_conn.c.obj)
 .text.event_len_prep
                0x000000000000fdf8      0x1f0 zephyr/subsys/bluetooth/controller/libsubsys__bluetooth__controller.a(ull_conn.c.obj)
 .text.event_phy_upd_ind_prep
                0x000000000000ffe8      0x378 zephyr/subsys/bluetooth/controller/libsubsys__bluetooth__controller.a(ull_conn.c.obj)
 .text.ll_conn_acquire
                0x0000000000010360        0xc zephyr/subsys/bluetooth/controller/libsubsys__bluetooth__controller.a(ull_conn.c.obj)
                0x0000000000010360                ll_conn_acquire
 .text.ll_conn_release
                0x000000000001036c        0xc zephyr/subsys/bluetooth/controller/libsubsys__bluetooth__controller.a(ull_conn.c.obj)
                0x000000000001036c                ll_conn_release
 .text.ll_conn_handle_get
                0x0000000000010378       0x10 zephyr/subsys/bluetooth/controller/libsubsys__bluetooth__controller.a(ull_conn.c.obj)
                0x0000000000010378                ll_conn_handle_get
 .text.ll_conn_get
                0x0000000000010388       0x10 zephyr/subsys/bluetooth/controller/libsubsys__bluetooth__controller.a(ull_conn.c.obj)
                0x0000000000010388                ll_conn_get
 .text.ll_connected_get
                0x0000000000010398       0x24 zephyr/subsys/bluetooth/controller/libsubsys__bluetooth__controller.a(ull_conn.c.obj)
                0x0000000000010398                ll_connected_get
 .text.ll_tx_mem_acquire
                0x00000000000103bc        0xc zephyr/subsys/bluetooth/controller/libsubsys__bluetooth__controller.a(ull_conn.c.obj)
                0x00000000000103bc                ll_tx_mem_acquire
 .text.ll_tx_mem_release
                0x00000000000103c8        0xc zephyr/subsys/bluetooth/controller/libsubsys__bluetooth__controller.a(ull_conn.c.obj)
                0x00000000000103c8                ll_tx_mem_release
 .text.ll_tx_mem_enqueue
                0x00000000000103d4       0x98 zephyr/subsys/bluetooth/controller/libsubsys__bluetooth__controller.a(ull_conn.c.obj)
                0x00000000000103d4                ll_tx_mem_enqueue
 .text.ll_conn_update
                0x000000000001046c      0x128 zephyr/subsys/bluetooth/controller/libsubsys__bluetooth__controller.a(ull_conn.c.obj)
                0x000000000001046c                ll_conn_update
 .text.ll_chm_get
                0x0000000000010594       0x40 zephyr/subsys/bluetooth/controller/libsubsys__bluetooth__controller.a(ull_conn.c.obj)
                0x0000000000010594                ll_chm_get
 .text.ll_terminate_ind_send
                0x00000000000105d4       0x94 zephyr/subsys/bluetooth/controller/libsubsys__bluetooth__controller.a(ull_conn.c.obj)
                0x00000000000105d4                ll_terminate_ind_send
 .text.ll_feature_req_send
                0x0000000000010668       0x4c zephyr/subsys/bluetooth/controller/libsubsys__bluetooth__controller.a(ull_conn.c.obj)
                0x0000000000010668                ll_feature_req_send
 .text.ll_version_ind_send
                0x00000000000106b4       0x4c zephyr/subsys/bluetooth/controller/libsubsys__bluetooth__controller.a(ull_conn.c.obj)
                0x00000000000106b4                ll_version_ind_send
 .text.ll_length_req_send
                0x0000000000010700       0xa8 zephyr/subsys/bluetooth/controller/libsubsys__bluetooth__controller.a(ull_conn.c.obj)
                0x0000000000010700                ll_length_req_send
 .text.ll_length_default_get
                0x00000000000107a8       0x18 zephyr/subsys/bluetooth/controller/libsubsys__bluetooth__controller.a(ull_conn.c.obj)
                0x00000000000107a8                ll_length_default_get
 .text.ll_length_default_set
                0x00000000000107c0       0x14 zephyr/subsys/bluetooth/controller/libsubsys__bluetooth__controller.a(ull_conn.c.obj)
                0x00000000000107c0                ll_length_default_set
 .text.ll_length_max_get
                0x00000000000107d4       0x18 zephyr/subsys/bluetooth/controller/libsubsys__bluetooth__controller.a(ull_conn.c.obj)
                0x00000000000107d4                ll_length_max_get
 .text.ll_phy_get
                0x00000000000107ec       0x3c zephyr/subsys/bluetooth/controller/libsubsys__bluetooth__controller.a(ull_conn.c.obj)
                0x00000000000107ec                ll_phy_get
 .text.ll_phy_default_set
                0x0000000000010828       0x14 zephyr/subsys/bluetooth/controller/libsubsys__bluetooth__controller.a(ull_conn.c.obj)
                0x0000000000010828                ll_phy_default_set
 .text.ll_phy_req_send
                0x000000000001083c       0xa4 zephyr/subsys/bluetooth/controller/libsubsys__bluetooth__controller.a(ull_conn.c.obj)
                0x000000000001083c                ll_phy_req_send
 .text.ll_apto_get
                0x00000000000108e0       0x48 zephyr/subsys/bluetooth/controller/libsubsys__bluetooth__controller.a(ull_conn.c.obj)
                0x00000000000108e0                ll_apto_get
 .text.ll_apto_set
                0x0000000000010928       0x44 zephyr/subsys/bluetooth/controller/libsubsys__bluetooth__controller.a(ull_conn.c.obj)
                0x0000000000010928                ll_apto_set
 .text.ull_conn_init
                0x000000000001096c        0x4 zephyr/subsys/bluetooth/controller/libsubsys__bluetooth__controller.a(ull_conn.c.obj)
                0x000000000001096c                ull_conn_init
 .text.ull_conn_reset
                0x0000000000010970       0x74 zephyr/subsys/bluetooth/controller/libsubsys__bluetooth__controller.a(ull_conn.c.obj)
                0x0000000000010970                ull_conn_reset
 .text.ull_conn_default_tx_octets_get
                0x00000000000109e4        0xc zephyr/subsys/bluetooth/controller/libsubsys__bluetooth__controller.a(ull_conn.c.obj)
                0x00000000000109e4                ull_conn_default_tx_octets_get
 .text.ull_conn_default_tx_time_get
                0x00000000000109f0        0xc zephyr/subsys/bluetooth/controller/libsubsys__bluetooth__controller.a(ull_conn.c.obj)
                0x00000000000109f0                ull_conn_default_tx_time_get
 .text.ull_conn_default_phy_tx_get
                0x00000000000109fc        0xc zephyr/subsys/bluetooth/controller/libsubsys__bluetooth__controller.a(ull_conn.c.obj)
                0x00000000000109fc                ull_conn_default_phy_tx_get
 .text.ull_conn_default_phy_rx_get
                0x0000000000010a08        0xc zephyr/subsys/bluetooth/controller/libsubsys__bluetooth__controller.a(ull_conn.c.obj)
                0x0000000000010a08                ull_conn_default_phy_rx_get
 .text.ull_conn_setup
                0x0000000000010a14       0xb8 zephyr/subsys/bluetooth/controller/libsubsys__bluetooth__controller.a(ull_conn.c.obj)
                0x0000000000010a14                ull_conn_setup
 .text.ull_conn_rx
                0x0000000000010acc     0x1974 zephyr/subsys/bluetooth/controller/libsubsys__bluetooth__controller.a(ull_conn.c.obj)
                0x0000000000010acc                ull_conn_rx
 .text.ull_conn_llcp
                0x0000000000012440     0x16c4 zephyr/subsys/bluetooth/controller/libsubsys__bluetooth__controller.a(ull_conn.c.obj)
                0x0000000000012440                ull_conn_llcp
 .text.ull_conn_tx_demux
                0x0000000000013b04       0xa0 zephyr/subsys/bluetooth/controller/libsubsys__bluetooth__controller.a(ull_conn.c.obj)
                0x0000000000013b04                ull_conn_tx_demux
 .text.conn_cleanup
                0x0000000000013ba4      0x104 zephyr/subsys/bluetooth/controller/libsubsys__bluetooth__controller.a(ull_conn.c.obj)
 .text.ull_conn_done
                0x0000000000013ca8      0x34c zephyr/subsys/bluetooth/controller/libsubsys__bluetooth__controller.a(ull_conn.c.obj)
                0x0000000000013ca8                ull_conn_done
 .text.ull_conn_tx_lll_enqueue
                0x0000000000013ff4      0x1ec zephyr/subsys/bluetooth/controller/libsubsys__bluetooth__controller.a(ull_conn.c.obj)
                0x0000000000013ff4                ull_conn_tx_lll_enqueue
 .text.tx_demux
                0x00000000000141e0       0x18 zephyr/subsys/bluetooth/controller/libsubsys__bluetooth__controller.a(ull_conn.c.obj)
 .text.ull_conn_link_tx_release
                0x00000000000141f8        0xc zephyr/subsys/bluetooth/controller/libsubsys__bluetooth__controller.a(ull_conn.c.obj)
                0x00000000000141f8                ull_conn_link_tx_release
 .text.ull_conn_ack_last_idx_get
                0x0000000000014204        0xc zephyr/subsys/bluetooth/controller/libsubsys__bluetooth__controller.a(ull_conn.c.obj)
                0x0000000000014204                ull_conn_ack_last_idx_get
 .text.ull_conn_ack_peek
                0x0000000000014210       0x38 zephyr/subsys/bluetooth/controller/libsubsys__bluetooth__controller.a(ull_conn.c.obj)
                0x0000000000014210                ull_conn_ack_peek
 .text.ull_conn_ack_by_last_peek
                0x0000000000014248       0x38 zephyr/subsys/bluetooth/controller/libsubsys__bluetooth__controller.a(ull_conn.c.obj)
                0x0000000000014248                ull_conn_ack_by_last_peek
 .text.ull_conn_ack_dequeue
                0x0000000000014280       0x2c zephyr/subsys/bluetooth/controller/libsubsys__bluetooth__controller.a(ull_conn.c.obj)
                0x0000000000014280                ull_conn_ack_dequeue
 .text.ull_conn_lll_ack_enqueue
                0x00000000000142ac       0x68 zephyr/subsys/bluetooth/controller/libsubsys__bluetooth__controller.a(ull_conn.c.obj)
                0x00000000000142ac                ull_conn_lll_ack_enqueue
 .text.ull_conn_tx_ack
                0x0000000000014314      0x3e8 zephyr/subsys/bluetooth/controller/libsubsys__bluetooth__controller.a(ull_conn.c.obj)
                0x0000000000014314                ull_conn_tx_ack
 .text.ull_conn_llcp_req
                0x00000000000146fc       0x18 zephyr/subsys/bluetooth/controller/libsubsys__bluetooth__controller.a(ull_conn.c.obj)
                0x00000000000146fc                ull_conn_llcp_req
 .text.ull_conn_lll_max_tx_octets_get
                0x0000000000014714       0x30 zephyr/subsys/bluetooth/controller/libsubsys__bluetooth__controller.a(ull_conn.c.obj)
                0x0000000000014714                ull_conn_lll_max_tx_octets_get
 .text.ticker_update_latency_cancel_op_cb
                0x0000000000014744       0x48 zephyr/subsys/bluetooth/controller/libsubsys__bluetooth__controller.a(ull_slave.c.obj)
 .text.ticker_op_cb
                0x000000000001478c       0x30 zephyr/subsys/bluetooth/controller/libsubsys__bluetooth__controller.a(ull_slave.c.obj)
 .text.ticker_op_stop_adv_cb
                0x00000000000147bc       0x3c zephyr/subsys/bluetooth/controller/libsubsys__bluetooth__controller.a(ull_slave.c.obj)
 .text.ull_slave_ticker_cb
                0x00000000000147f8       0xb4 zephyr/subsys/bluetooth/controller/libsubsys__bluetooth__controller.a(ull_slave.c.obj)
                0x00000000000147f8                ull_slave_ticker_cb
 .text.ull_slave_latency_cancel
                0x00000000000148ac       0x70 zephyr/subsys/bluetooth/controller/libsubsys__bluetooth__controller.a(ull_slave.c.obj)
                0x00000000000148ac                ull_slave_latency_cancel
 .text.ll_start_enc_req_send
                0x000000000001491c       0x94 zephyr/subsys/bluetooth/controller/libsubsys__bluetooth__controller.a(ull_slave.c.obj)
                0x000000000001491c                ll_start_enc_req_send
 .text.ticker_op_stop_scan_cb
                0x00000000000149b0        0x4 zephyr/subsys/bluetooth/controller/libsubsys__bluetooth__controller.a(ull_master.c.obj)
 .text.ticker_op_cb
                0x00000000000149b4       0x30 zephyr/subsys/bluetooth/controller/libsubsys__bluetooth__controller.a(ull_master.c.obj)
 .text.ull_master_ticker_cb
                0x00000000000149e4       0xc0 zephyr/subsys/bluetooth/controller/libsubsys__bluetooth__controller.a(ull_master.c.obj)
                0x00000000000149e4                ull_master_ticker_cb
 .text.ll_connect_disable
                0x0000000000014aa4       0x9c zephyr/subsys/bluetooth/controller/libsubsys__bluetooth__controller.a(ull_master.c.obj)
                0x0000000000014aa4                ll_connect_disable
 .text.ll_chm_update
                0x0000000000014b40       0x54 zephyr/subsys/bluetooth/controller/libsubsys__bluetooth__controller.a(ull_master.c.obj)
                0x0000000000014b40                ll_chm_update
 .text.ll_enc_req_send
                0x0000000000014b94       0xec zephyr/subsys/bluetooth/controller/libsubsys__bluetooth__controller.a(ull_master.c.obj)
                0x0000000000014b94                ll_enc_req_send
 .text.ull_master_cleanup
                0x0000000000014c80       0xa0 zephyr/subsys/bluetooth/controller/libsubsys__bluetooth__controller.a(ull_master.c.obj)
                0x0000000000014c80                ull_master_cleanup
 .text.ticker_op_cb
                0x0000000000014d20        0x4 zephyr/subsys/bluetooth/controller/libsubsys__bluetooth__controller.a(ull_sched.c.obj)
 .text.win_offset_calc.constprop.0
                0x0000000000014d24      0x2a0 zephyr/subsys/bluetooth/controller/libsubsys__bluetooth__controller.a(ull_sched.c.obj)
 .text.ull_sched_mfy_after_mstr_offset_get
                0x0000000000014fc4       0x14 zephyr/subsys/bluetooth/controller/libsubsys__bluetooth__controller.a(ull_sched.c.obj)
                0x0000000000014fc4                ull_sched_mfy_after_mstr_offset_get
 .text.ull_sched_mfy_win_offset_use